Component: ARM Compiler 5.06 update 6 (build 750) Tool: armlink [4d35ed]

==============================================================================

Section Cross References

    main.o(.text) refers to delay.o(.text) for delay_init
    main.o(.text) refers to misc.o(.text) for NVIC_PriorityGroupConfig
    main.o(.text) refers to usart.o(.text) for uart_init
    main.o(.text) refers to led.o(.text) for LED_Init
    main.o(.text) refers to key.o(.text) for KEY_Init
    main.o(.text) refers to timer.o(.text) for TIM3_Int_Init
    main.o(.text) refers to sram.o(.text) for FSMC_SRAM_Init
    main.o(.text) refers to lcd.o(.text) for LCD_Init
    main.o(.text) refers to lv_obj.o(.text) for lv_init
    main.o(.text) refers to lv_port_disp.o(.text) for lv_port_disp_init
    main.o(.text) refers to lv_port_indev.o(.text) for lv_port_indev_init
    main.o(.text) refers to lv_mainstart.o(.text) for lv_mainstart
    main.o(.text) refers to touch.o(.text) for TP_Adjust
    main.o(.text) refers to lv_task.o(.text) for lv_task_handler
    main.o(.text) refers to touch.o(.data) for tp_dev
    system_stm32f10x.o(.text) refers to system_stm32f10x.o(.data) for .data
    led.o(.text) refers to stm32f10x_rcc.o(.text) for RCC_APB2PeriphClockCmd
    led.o(.text) refers to stm32f10x_gpio.o(.text) for GPIO_Init
    key.o(.text) refers to stm32f10x_rcc.o(.text) for RCC_APB2PeriphClockCmd
    key.o(.text) refers to stm32f10x_gpio.o(.text) for GPIO_Init
    key.o(.text) refers to delay.o(.text) for delay_ms
    key.o(.text) refers to key.o(.data) for .data
    lcd.o(.text) refers to delay.o(.text) for delay_us
    lcd.o(.text) refers to lcd.o(.bss) for .bss
    lcd.o(.text) refers to lcd.o(.data) for .data
    lcd.o(.text) refers to dfltui.o(.text) for __aeabi_ui2d
    lcd.o(.text) refers to dmul.o(.text) for __aeabi_dmul
    lcd.o(.text) refers to dfixui.o(.text) for __aeabi_d2uiz
    lcd.o(.text) refers to stm32f10x_rcc.o(.text) for RCC_AHBPeriphClockCmd
    lcd.o(.text) refers to stm32f10x_gpio.o(.text) for GPIO_Init
    lcd.o(.text) refers to stm32f10x_fsmc.o(.text) for FSMC_NORSRAMInit
    lcd.o(.text) refers to printf5.o(i.__0printf$5) for __2printf
    lcd.o(.text) refers to lcd.o(.constdata) for .constdata
    lcd.o(.text) refers to lcd.o(.text) for LCD_SetCursor
    lcd.o(.text) refers to lcd.o(.text) for LCD_BGR2RGB
    lcd.o(.text) refers to lcd.o(.bss) for .bss
    lcd.o(.text) refers to lcd.o(.text) for LCD_WriteReg
    lcd.o(.text) refers to lcd.o(.bss) for .bss
    lcd.o(.text) refers to lcd.o(.text) for LCD_WriteReg
    lcd.o(.text) refers to lcd.o(.bss) for .bss
    lcd.o(.text) refers to lcd.o(.text) for LCD_WriteReg
    lcd.o(.text) refers to lcd.o(.bss) for .bss
    lcd.o(.text) refers to lcd.o(.text) for LCD_SetCursor
    lcd.o(.text) refers to lcd.o(.bss) for .bss
    lcd.o(.text) refers to lcd.o(.text) for LCD_DrawLine
    lcd.o(.text) refers to lcd.o(.text) for LCD_Pow
    myiic.o(.text) refers to stm32f10x_rcc.o(.text) for RCC_APB2PeriphClockCmd
    myiic.o(.text) refers to stm32f10x_gpio.o(.text) for GPIO_Init
    myiic.o(.text) refers to delay.o(.text) for delay_us
    24cxx.o(.text) refers to myiic.o(.text) for IIC_Init
    24cxx.o(.text) refers to delay.o(.text) for delay_ms
    24cxx.o(.text) refers to 24cxx.o(.text) for AT24CXX_WriteOneByte
    24cxx.o(.text) refers to 24cxx.o(.text) for AT24CXX_ReadOneByte
    24cxx.o(.text) refers to 24cxx.o(.text) for AT24CXX_ReadOneByte
    spi.o(.text) refers to stm32f10x_spi.o(.text) for SPI_I2S_GetFlagStatus
    spi.o(.text) refers to stm32f10x_spi.o(.text) for SPI_I2S_SendData
    spi.o(.text) refers to stm32f10x_spi.o(.text) for SPI_I2S_ReceiveData
    spi.o(.text) refers to stm32f10x_rcc.o(.text) for RCC_APB2PeriphClockCmd
    spi.o(.text) refers to stm32f10x_gpio.o(.text) for GPIO_Init
    spi.o(.text) refers to stm32f10x_spi.o(.text) for SPI_Init
    spi.o(.text) refers to stm32f10x_spi.o(.text) for SPI_Cmd
    spi.o(.text) refers to spi.o(.text) for SPI2_ReadWriteByte
    spi.o(.text) refers to stm32f10x_spi.o(.text) for SPI_Cmd
    w25qxx.o(.text) refers to spi.o(.text) for SPI2_ReadWriteByte
    w25qxx.o(.text) refers to stm32f10x_rcc.o(.text) for RCC_APB2PeriphClockCmd
    w25qxx.o(.text) refers to stm32f10x_gpio.o(.text) for GPIO_Init
    w25qxx.o(.text) refers to spi.o(.text) for SPI2_Init
    w25qxx.o(.text) refers to spi.o(.text) for SPI2_SetSpeed
    w25qxx.o(.text) refers to w25qxx.o(.text) for W25QXX_ReadID
    w25qxx.o(.text) refers to w25qxx.o(.data) for .data
    w25qxx.o(.text) refers to spi.o(.text) for SPI2_ReadWriteByte
    w25qxx.o(.text) refers to spi.o(.text) for SPI2_ReadWriteByte
    w25qxx.o(.text) refers to spi.o(.text) for SPI2_ReadWriteByte
    w25qxx.o(.text) refers to spi.o(.text) for SPI2_ReadWriteByte
    w25qxx.o(.text) refers to spi.o(.text) for SPI2_ReadWriteByte
    w25qxx.o(.text) refers to w25qxx.o(.text) for W25QXX_ReadSR
    w25qxx.o(.text) refers to w25qxx.o(.text) for W25QXX_Write_Enable
[...]
    lv_obj_align                             0x080098b7   Thumb Code   110  lv_obj.o(.text)
    lv_obj_get_height                        0x08009925   Thumb Code    34  lv_obj.o(.text)
    lv_obj_align_mid                         0x08009a8b   Thumb Code   108  lv_obj.o(.text)
    lv_obj_realign                           0x08009af7   Thumb Code    60  lv_obj.o(.text)
    lv_obj_get_draw_rect_ext_pad_size        0x08009b33   Thumb Code   484  lv_obj.o(.text)
    lv_obj_is_protected                      0x08009d17   Thumb Code    36  lv_obj.o(.text)
    lv_obj_handle_get_type_signal            0x08009d3b   Thumb Code    24  lv_obj.o(.text)
    lv_obj_create                            0x08009e29   Thumb Code   918  lv_obj.o(.text)
    lv_event_send_func                       0x0800a1bf   Thumb Code   136  lv_obj.o(.text)
    lv_event_send                            0x0800a247   Thumb Code    46  lv_obj.o(.text)
    lv_obj_del                               0x0800a357   Thumb Code    90  lv_obj.o(.text)
    lv_obj_set_parent                        0x0800a3b1   Thumb Code   196  lv_obj.o(.text)
    lv_obj_move_foreground                   0x0800a475   Thumb Code    80  lv_obj.o(.text)
    lv_obj_set_size                          0x0800a4c5   Thumb Code   172  lv_obj.o(.text)
    lv_obj_set_width                         0x0800a571   Thumb Code    42  lv_obj.o(.text)
    lv_obj_set_height                        0x0800a59b   Thumb Code    42  lv_obj.o(.text)
    lv_obj_set_ext_click_area                0x0800a5c5   Thumb Code    60  lv_obj.o(.text)
    lv_obj_add_style                         0x0800a601   Thumb Code    52  lv_obj.o(.text)
    lv_obj_reset_style_list                  0x0800a635   Thumb Code    24  lv_obj.o(.text)
    _lv_obj_set_style_local_int              0x0800a64d   Thumb Code    52  lv_obj.o(.text)
    _lv_obj_set_style_local_color            0x0800a681   Thumb Code    52  lv_obj.o(.text)
    lv_obj_get_local_style                   0x0800a6b5   Thumb Code    40  lv_obj.o(.text)
    lv_obj_report_style_mod                  0x0800a761   Thumb Code    60  lv_obj.o(.text)
    lv_obj_set_hidden                        0x0800a79d   Thumb Code    84  lv_obj.o(.text)
    lv_obj_set_adv_hittest                   0x0800a7f1   Thumb Code    36  lv_obj.o(.text)
    lv_obj_set_click                         0x0800a815   Thumb Code    36  lv_obj.o(.text)
    lv_obj_set_drag                          0x0800a839   Thumb Code    46  lv_obj.o(.text)
    lv_obj_set_drag_dir                      0x0800a867   Thumb Code    54  lv_obj.o(.text)
    lv_obj_set_drag_throw                    0x0800a89d   Thumb Code    36  lv_obj.o(.text)
    lv_obj_set_drag_parent                   0x0800a8c1   Thumb Code    36  lv_obj.o(.text)
    lv_obj_is_focused                        0x0800a8e5   Thumb Code    42  lv_obj.o(.text)
    lv_obj_set_focus_parent                  0x0800a90f   Thumb Code    92  lv_obj.o(.text)
    lv_obj_set_base_dir                      0x0800a99f   Thumb Code    50  lv_obj.o(.text)
    lv_obj_add_protect                       0x0800a9d1   Thumb Code    34  lv_obj.o(.text)
    lv_obj_clear_protect                     0x0800a9f3   Thumb Code    34  lv_obj.o(.text)
    lv_obj_set_event_cb                      0x0800aa15   Thumb Code    28  lv_obj.o(.text)
    lv_event_get_data                        0x0800aa31   Thumb Code     6  lv_obj.o(.text)
    lv_obj_set_signal_cb                     0x0800aa37   Thumb Code    28  lv_obj.o(.text)
    lv_obj_set_design_cb                     0x0800aa53   Thumb Code    28  lv_obj.o(.text)
    lv_obj_allocate_ext_attr                 0x0800aa6f   Thumb Code    40  lv_obj.o(.text)
    lv_obj_get_child_back                    0x0800aa97   Thumb Code    48  lv_obj.o(.text)
    lv_obj_get_width_fit                     0x0800aac7   Thumb Code    56  lv_obj.o(.text)
    lv_obj_get_height_fit                    0x0800aaff   Thumb Code    56  lv_obj.o(.text)
    lv_obj_get_auto_realign                  0x0800ab37   Thumb Code    32  lv_obj.o(.text)
    lv_obj_get_click                         0x0800ab57   Thumb Code    32  lv_obj.o(.text)
    lv_obj_get_drag                          0x0800ab77   Thumb Code    32  lv_obj.o(.text)
    lv_obj_get_drag_dir                      0x0800ab97   Thumb Code    32  lv_obj.o(.text)
    lv_obj_get_drag_throw                    0x0800abb7   Thumb Code    42  lv_obj.o(.text)
    lv_obj_get_drag_parent                   0x0800abe1   Thumb Code    10  lv_obj.o(.text)
    lv_obj_get_gesture_parent                0x0800abeb   Thumb Code    10  lv_obj.o(.text)
    lv_obj_get_signal_cb                     0x0800abf5   Thumb Code    26  lv_obj.o(.text)
    lv_obj_get_design_cb                     0x0800ac0f   Thumb Code    26  lv_obj.o(.text)
    lv_obj_get_ext_attr                      0x0800ac29   Thumb Code    26  lv_obj.o(.text)
    lv_obj_get_user_data                     0x0800ac43   Thumb Code    26  lv_obj.o(.text)
    lv_obj_set_user_data                     0x0800ac5d   Thumb Code    36  lv_obj.o(.text)
    lv_obj_is_point_on_coords                0x0800ac81   Thumb Code    60  lv_obj.o(.text)
    lv_obj_hittest                           0x0800acbd   Thumb Code    38  lv_obj.o(.text)
    _lv_refr_init                            0x0800aed1   Thumb Code     2  lv_refr.o(.text)
    _lv_refr_get_disp_refreshing             0x0800aed3   Thumb Code     6  lv_refr.o(.text)
    _lv_disp_refr_task                       0x0800b497   Thumb Code   628  lv_refr.o(.text)
    _lv_inv_area                             0x0800b70b   Thumb Code   240  lv_refr.o(.text)
    lv_style_init                            0x0800b833   Thumb Code     6  lv_style.o(.text)
    _lv_style_get_mem_size                   0x0800b839   Thumb Code    40  lv_style.o(.text)
    lv_style_copy                            0x0800b861   Thumb Code    42  lv_style.o(.text)
    lv_style_remove_prop                     0x0800b8ef   Thumb Code    88  lv_style.o(.text)
    lv_style_list_init                       0x0800b947   Thumb Code     6  lv_style.o(.text)
    _lv_style_list_remove_style              0x0800b94d   Thumb Code   160  lv_style.o(.text)
    _lv_style_list_add_style                 0x0800b9ed   Thumb Code   128  lv_style.o(.text)
    lv_style_reset                           0x0800babd   Thumb Code    16  lv_style.o(.text)
    _lv_style_list_get_transition_style      0x0800bacd   Thumb Code    16  lv_style.o(.text)
    lv_style_list_get_local_style            0x0800badd   Thumb Code    24  lv_style.o(.text)
    _lv_style_list_reset                     0x0800baf5   Thumb Code    84  lv_style.o(.text)
    lv_style_list_copy                       0x0800bb49   Thumb Code   204  lv_style.o(.text)
    _lv_style_set_int                        0x0800bc15   Thumb Code   152  lv_style.o(.text)
    _lv_style_set_color                      0x0800bcad   Thumb Code   150  lv_style.o(.text)
    _lv_style_set_opa                        0x0800bd43   Thumb Code   170  lv_style.o(.text)
    _lv_style_set_ptr                        0x0800bded   Thumb Code   152  lv_style.o(.text)
    _lv_style_get_int                        0x0800be85   Thumb Code    66  lv_style.o(.text)
    _lv_style_get_opa                        0x0800bec7   Thumb Code    66  lv_style.o(.text)
    _lv_style_get_color                      0x0800bf09   Thumb Code    66  lv_style.o(.text)
    _lv_style_get_ptr                        0x0800bf4b   Thumb Code    66  lv_style.o(.text)
    _lv_style_list_add_trans_style           0x0800bf8d   Thumb Code    94  lv_style.o(.text)
    _lv_style_list_set_local_int             0x0800bfeb   Thumb Code    20  lv_style.o(.text)
    _lv_style_list_set_local_opa             0x0800bfff   Thumb Code    20  lv_style.o(.text)
    _lv_style_list_set_local_color           0x0800c013   Thumb Code    20  lv_style.o(.text)
    _lv_style_list_get_int                   0x0800c027   Thumb Code   122  lv_style.o(.text)
    _lv_style_list_get_color                 0x0800c0a1   Thumb Code   118  lv_style.o(.text)
    _lv_style_list_get_opa                   0x0800c117   Thumb Code   120  lv_style.o(.text)
    _lv_style_list_get_ptr                   0x0800c18f   Thumb Code   108  lv_style.o(.text)
    _lv_blend_fill                           0x0800c79d   Thumb Code   236  lv_draw_blend.o(.text)
    _lv_blend_map                            0x0800ce31   Thumb Code   244  lv_draw_blend.o(.text)
    lv_draw_img_dsc_init                     0x0800d225   Thumb Code    34  lv_draw_img.o(.text)
    lv_img_cf_has_alpha                      0x0800d7e5   Thumb Code    32  lv_draw_img.o(.text)
    lv_img_cf_is_chroma_keyed                0x0800d805   Thumb Code    26  lv_draw_img.o(.text)
    lv_draw_img                              0x0800d9cb   Thumb Code    42  lv_draw_img.o(.text)
    lv_img_cf_get_px_size                    0x0800d9f5   Thumb Code    52  lv_draw_img.o(.text)
    lv_img_src_get_type                      0x0800da29   Thumb Code    34  lv_draw_img.o(.text)
    lv_draw_label_dsc_init                   0x0800da75   Thumb Code    62  lv_draw_label.o(.text)
    lv_draw_label                            0x0800e0c7   Thumb Code  1306  lv_draw_label.o(.text)
    lv_draw_line_dsc_init                    0x0800e6b5   Thumb Code    30  lv_draw_line.o(.text)
    lv_draw_line                             0x0800ee41   Thumb Code   402  lv_draw_line.o(.text)
    lv_draw_mask_add                         0x0800efd5   Thumb Code    46  lv_draw_mask.o(.text)
    lv_draw_mask_apply                       0x0800f003   Thumb Code    64  lv_draw_mask.o(.text)
    lv_draw_mask_remove_id                   0x0800f043   Thumb Code    28  lv_draw_mask.o(.text)
    lv_draw_mask_remove_custom               0x0800f05f   Thumb Code    44  lv_draw_mask.o(.text)
    lv_draw_mask_get_cnt                     0x0800f08b   Thumb Code    26  lv_draw_mask.o(.text)
    lv_draw_mask_line_points_init            0x0800f489   Thumb Code   254  lv_draw_mask.o(.text)
    lv_draw_mask_radius_init                 0x0800f98f   Thumb Code    74  lv_draw_mask.o(.text)
    lv_draw_rect_dsc_init                    0x0800fa0d   Thumb Code   100  lv_draw_rect.o(.text)
    lv_draw_rect                             0x080117d9   Thumb Code    92  lv_draw_rect.o(.text)
    lv_img_buf_get_px_color                  0x08011977   Thumb Code   224  lv_img_buf.o(.text)
    lv_img_buf_get_px_alpha                  0x08011a57   Thumb Code   186  lv_img_buf.o(.text)
    _lv_img_buf_transform_init               0x08011b11   Thumb Code   246  lv_img_buf.o(.text)
    _lv_img_buf_get_transformed_area         0x08011c07   Thumb Code   576  lv_img_buf.o(.text)
    _lv_img_buf_transform_anti_alias         0x08011e47   Thumb Code   664  lv_img_buf.o(.text)
    _lv_img_cache_open                       0x080120f5   Thumb Code   278  lv_img_cache.o(.text)
    lv_img_cache_invalidate_src              0x0801220b   Thumb Code    76  lv_img_cache.o(.text)
    lv_img_cache_set_size                    0x08012257   Thumb Code   118  lv_img_cache.o(.text)
    lv_img_decoder_built_in_close            0x080122e9   Thumb Code    38  lv_img_decoder.o(.text)
    lv_img_decoder_built_in_read_line        0x08012577   Thumb Code    96  lv_img_decoder.o(.text)
    lv_img_decoder_built_in_open             0x080125d7   Thumb Code   324  lv_img_decoder.o(.text)
    lv_img_decoder_built_in_info             0x0801271b   Thumb Code    94  lv_img_decoder.o(.text)
    lv_img_decoder_create                    0x08012779   Thumb Code    46  lv_img_decoder.o(.text)
    _lv_img_decoder_init                     0x080127a7   Thumb Code    62  lv_img_decoder.o(.text)
    lv_img_decoder_get_info                  0x080127e5   Thumb Code   124  lv_img_decoder.o(.text)
    lv_img_decoder_open                      0x08012861   Thumb Code   128  lv_img_decoder.o(.text)
    lv_img_decoder_read_line                 0x080128e1   Thumb Code    38  lv_img_decoder.o(.text)
    lv_img_decoder_close                     0x08012907   Thumb Code    36  lv_img_decoder.o(.text)
    lv_font_get_glyph_bitmap                 0x08012931   Thumb Code     4  lv_font.o(.text)
    lv_font_get_glyph_dsc                    0x08012935   Thumb Code    10  lv_font.o(.text)
    lv_font_get_glyph_width                  0x0801293f   Thumb Code    22  lv_font.o(.text)
    lv_font_get_bitmap_fmt_txt               0x08012c97   Thumb Code   194  lv_font_fmt_txt.o(.text)
    lv_font_get_glyph_dsc_fmt_txt            0x08012d81   Thumb Code   182  lv_font_fmt_txt.o(.text)
    _lv_font_clean_up_fmt_txt                0x08012e37   Thumb Code    20  lv_font_fmt_txt.o(.text)
    lv_disp_drv_init                         0x08012ef5   Thumb Code    62  lv_hal_disp.o(.text)
    lv_disp_buf_init                         0x08012f33   Thumb Code    30  lv_hal_disp.o(.text)
    lv_disp_is_double_buf                    0x08012f51   Thumb Code    18  lv_hal_disp.o(.text)
    lv_disp_is_true_double_buf               0x08012f63   Thumb Code    38  lv_hal_disp.o(.text)
    lv_disp_drv_register                     0x08012f89   Thumb Code   250  lv_hal_disp.o(.text)
    lv_disp_get_default                      0x08013083   Thumb Code     6  lv_hal_disp.o(.text)
    lv_disp_get_ver_res                      0x08013089   Thumb Code    32  lv_hal_disp.o(.text)
    lv_disp_get_hor_res                      0x080130a9   Thumb Code    30  lv_hal_disp.o(.text)
    lv_disp_get_dpi                          0x080130c7   Thumb Code    20  lv_hal_disp.o(.text)
    lv_disp_get_size_category                0x080130db   Thumb Code    68  lv_hal_disp.o(.text)
    lv_disp_flush_ready                      0x0801311f   Thumb Code    12  lv_hal_disp.o(.text)
    lv_disp_get_next                         0x0801312b   Thumb Code    16  lv_hal_disp.o(.text)
    lv_disp_get_buf                          0x0801313b   Thumb Code     4  lv_hal_disp.o(.text)
    lv_disp_get_inv_buf_size                 0x0801313f   Thumb Code    10  lv_hal_disp.o(.text)
    _lv_disp_pop_from_inv_buf                0x08013149   Thumb Code    30  lv_hal_disp.o(.text)
    lv_indev_drv_init                        0x0801318d   Thumb Code    40  lv_hal_indev.o(.text)
    lv_indev_drv_register                    0x080131b5   Thumb Code   106  lv_hal_indev.o(.text)
    lv_indev_get_next                        0x0801321f   Thumb Code    16  lv_hal_indev.o(.text)
    _lv_indev_read                           0x0801322f   Thumb Code    72  lv_hal_indev.o(.text)
    lv_tick_inc                              0x08013291   Thumb Code    14  lv_hal_tick.o(.text)
    lv_tick_get                              0x0801329f   Thumb Code    16  lv_hal_tick.o(.text)
    lv_tick_elaps                            0x080132af   Thumb Code    12  lv_hal_tick.o(.text)
    lv_anim_path_linear                      0x080132e1   Thumb Code    36  lv_anim.o(.text)
    _lv_anim_core_init                       0x080133b5   Thumb Code    42  lv_anim.o(.text)
    lv_anim_init                             0x080133df   Thumb Code    56  lv_anim.o(.text)
    lv_anim_del                              0x08013417   Thumb Code    80  lv_anim.o(.text)
    lv_anim_start                            0x08013467   Thumb Code   106  lv_anim.o(.text)
    lv_anim_get                              0x080134d1   Thumb Code    40  lv_anim.o(.text)
    lv_anim_speed_to_time                    0x080134f9   Thumb Code    38  lv_anim.o(.text)
    lv_anim_path_step                        0x0801351f   Thumb Code    18  lv_anim.o(.text)
    lv_area_set                              0x080135d9   Thumb Code    14  lv_area.o(.text)
    lv_area_set_width                        0x080135e7   Thumb Code    10  lv_area.o(.text)
    lv_area_set_height                       0x080135f1   Thumb Code    10  lv_area.o(.text)
    _lv_area_set_pos                         0x080135fb   Thumb Code    46  lv_area.o(.text)
    lv_area_get_size                         0x08013629   Thumb Code    28  lv_area.o(.text)
    _lv_area_intersect                       0x08013645   Thumb Code    80  lv_area.o(.text)
    _lv_area_join                            0x08013695   Thumb Code    68  lv_area.o(.text)
    _lv_area_is_point_on                     0x08013713   Thumb Code   294  lv_area.o(.text)
    _lv_area_is_on                           0x08013839   Thumb Code    56  lv_area.o(.text)
    _lv_area_is_in                           0x08013871   Thumb Code   170  lv_area.o(.text)
    _lv_area_align                           0x0801391b   Thumb Code   456  lv_area.o(.text)
    lv_color_fill                            0x08013b6f   Thumb Code    74  lv_color.o(.text)
    lv_color_lighten                         0x08013bb9   Thumb Code    24  lv_color.o(.text)
    lv_color_darken                          0x08013bd1   Thumb Code    22  lv_color.o(.text)
    lv_debug_check_null                      0x08013bed   Thumb Code     8  lv_debug.o(.text)
    lv_debug_log_error                       0x08013bf5   Thumb Code    96  lv_debug.o(.text)
    _lv_ll_init                              0x08013c59   Thumb Code    16  lv_ll.o(.text)
    _lv_ll_ins_head                          0x08013c69   Thumb Code    60  lv_ll.o(.text)
    _lv_ll_get_prev                          0x08013ca5   Thumb Code    10  lv_ll.o(.text)
    _lv_ll_get_head                          0x08013caf   Thumb Code    10  lv_ll.o(.text)
    _lv_ll_ins_prev                          0x08013cb9   Thumb Code   102  lv_ll.o(.text)
    _lv_ll_ins_tail                          0x08013d1f   Thumb Code    60  lv_ll.o(.text)
    _lv_ll_get_next                          0x08013d5b   Thumb Code    12  lv_ll.o(.text)
    _lv_ll_get_tail                          0x08013d67   Thumb Code    10  lv_ll.o(.text)
    _lv_ll_remove                            0x08013d71   Thumb Code   118  lv_ll.o(.text)
    _lv_ll_chg_list                          0x08013de7   Thumb Code   104  lv_ll.o(.text)
    _lv_ll_move_before                       0x08013e4f   Thumb Code    94  lv_ll.o(.text)
    _lv_ll_is_empty                          0x08013ead   Thumb Code    18  lv_ll.o(.text)
    _lv_trigo_sin                            0x08013ed5   Thumb Code    78  lv_math.o(.text)
    _lv_sqrt                                 0x08013f23   Thumb Code    34  lv_math.o(.text)
    _lv_mem_init                             0x08013f49   Thumb Code    28  lv_mem.o(.text)
    _lv_memset_00                            0x08013f65   Thumb Code    92  lv_mem.o(.text)
    lv_mem_alloc                             0x08013fff   Thumb Code    92  lv_mem.o(.text)
    lv_mem_defrag                            0x0801405b   Thumb Code    70  lv_mem.o(.text)
    lv_mem_free                              0x080140a1   Thumb Code    84  lv_mem.o(.text)
    _lv_memcpy                               0x080140f5   Thumb Code   296  lv_mem.o(.text)
    _lv_mem_get_size                         0x0801421d   Thumb Code    24  lv_mem.o(.text)
    lv_mem_realloc                           0x08014235   Thumb Code    94  lv_mem.o(.text)
    _lv_memset                               0x08014293   Thumb Code   102  lv_mem.o(.text)
    _lv_mem_buf_get                          0x080142f9   Thumb Code   218  lv_mem.o(.text)
    _lv_mem_buf_release                      0x080143d3   Thumb Code    56  lv_mem.o(.text)
    _lv_mem_buf_free_all                     0x0801440b   Thumb Code    62  lv_mem.o(.text)
    _lv_memset_ff                            0x08014449   Thumb Code    96  lv_mem.o(.text)
    lv_vsnprintf                             0x08014b7f   Thumb Code    18  lv_printf.o(.text)
    _lv_task_core_init                       0x08014bad   Thumb Code    22  lv_task.o(.text)
    lv_task_del                              0x08014bc3   Thumb Code    36  lv_task.o(.text)
    lv_task_handler                          0x08014c25   Thumb Code   268  lv_task.o(.text)
    lv_task_create_basic                     0x08014d31   Thumb Code   168  lv_task.o(.text)
    lv_task_set_prio                         0x08014dd9   Thumb Code    84  lv_task.o(.text)
    lv_task_create                           0x08014e2d   Thumb Code    60  lv_task.o(.text)
    lv_task_ready                            0x08014e69   Thumb Code    18  lv_task.o(.text)
    lv_task_get_idle                         0x08014e7b   Thumb Code     6  lv_task.o(.text)
    _lv_txt_is_cmd                           0x08014eb5   Thumb Code    54  lv_txt.o(.text)
    _lv_txt_get_width                        0x08014eeb   Thumb Code   130  lv_txt.o(.text)
    _lv_txt_get_next_line                    0x08015091   Thumb Code   210  lv_txt.o(.text)
    _lv_txt_get_size                         0x08015163   Thumb Code   180  lv_txt.o(.text)
    _lv_txt_ins                              0x08015217   Thumb Code    72  lv_txt.o(.text)
    _lv_txt_cut                              0x0801525f   Thumb Code    56  lv_txt.o(.text)
    _lv_txt_set_text_vfmt                    0x08015297   Thumb Code    74  lv_txt.o(.text)
    _lv_utils_bsearch                        0x0801554d   Thumb Code    76  lv_utils.o(.text)
    lv_theme_set_act                         0x08015599   Thumb Code     6  lv_theme.o(.text)
    lv_theme_apply                           0x080156fb   Thumb Code    24  lv_theme.o(.text)
    lv_theme_get_font_normal                 0x08015713   Thumb Code     8  lv_theme.o(.text)
    lv_theme_material_init                   0x08019331   Thumb Code   170  lv_theme_material.o(.text)
    lv_bar_set_value                         0x0801973d   Thumb Code    90  lv_bar.o(.text)
    lv_bar_create                            0x08019d5f   Thumb Code   288  lv_bar.o(.text)
    lv_bar_set_start_value                   0x08019e7f   Thumb Code    90  lv_bar.o(.text)
    lv_bar_get_type                          0x08019ed9   Thumb Code    38  lv_bar.o(.text)
    lv_bar_set_range                         0x08019eff   Thumb Code   120  lv_bar.o(.text)
    lv_bar_get_value                         0x08019f77   Thumb Code    48  lv_bar.o(.text)
    lv_bar_get_start_value                   0x08019fa7   Thumb Code   118  lv_bar.o(.text)
    lv_btn_set_state                         0x0801a083   Thumb Code   120  lv_btn.o(.text)
    lv_btn_get_checkable                     0x0801a0fb   Thumb Code    36  lv_btn.o(.text)
    lv_btn_create                            0x0801a1cf   Thumb Code   198  lv_btn.o(.text)
    lv_btn_set_checkable                     0x0801a295   Thumb Code    34  lv_btn.o(.text)
    lv_btnmatrix_set_map                     0x0801a39f   Thumb Code   614  lv_btnmatrix.o(.text)
    lv_btnmatrix_set_ctrl_map                0x0801a605   Thumb Code    54  lv_btnmatrix.o(.text)
    lv_btnmatrix_get_align                   0x0801a63b   Thumb Code    42  lv_btnmatrix.o(.text)
    lv_btnmatrix_clear_btn_ctrl              0x0801aaa5   Thumb Code    64  lv_btnmatrix.o(.text)
    lv_btnmatrix_clear_btn_ctrl_all          0x0801aae5   Thumb Code    62  lv_btnmatrix.o(.text)
    lv_btnmatrix_set_btn_ctrl                0x0801ab23   Thumb Code    88  lv_btnmatrix.o(.text)
    lv_btnmatrix_get_btn_ctrl                0x0801ab7b   Thumb Code    58  lv_btnmatrix.o(.text)
    lv_btnmatrix_create                      0x0801b1e7   Thumb Code   242  lv_btnmatrix.o(.text)
    lv_btnmatrix_set_focused_btn             0x0801b2d9   Thumb Code    66  lv_btnmatrix.o(.text)
    lv_btnmatrix_get_active_btn              0x0801b31b   Thumb Code    34  lv_btnmatrix.o(.text)
    lv_btnmatrix_get_btn_text                0x0801b33d   Thumb Code    98  lv_btnmatrix.o(.text)
    lv_btnmatrix_get_active_btn_text         0x0801b39f   Thumb Code    52  lv_btnmatrix.o(.text)
    lv_cont_get_layout                       0x0801b787   Thumb Code    36  lv_cont.o(.text)
    lv_cont_create                           0x0801bd3b   Thumb Code   224  lv_cont.o(.text)
    lv_cont_set_layout                       0x0801be1b   Thumb Code    64  lv_cont.o(.text)
    lv_cont_set_fit4                         0x0801be5b   Thumb Code   120  lv_cont.o(.text)
    lv_cont_get_fit_left                     0x0801bed3   Thumb Code    38  lv_cont.o(.text)
    lv_cont_get_fit_right                    0x0801bef9   Thumb Code    36  lv_cont.o(.text)
    lv_cont_get_fit_top                      0x0801bf1d   Thumb Code    38  lv_cont.o(.text)
    lv_img_get_auto_size                     0x0801c115   Thumb Code    36  lv_img.o(.text)
    lv_img_set_src                           0x0801c139   Thumb Code   384  lv_img.o(.text)
    lv_img_create                            0x0801ca7d   Thumb Code   298  lv_img.o(.text)
    lv_img_set_pivot                         0x0801cba7   Thumb Code   272  lv_img.o(.text)
    lv_img_set_angle                         0x0801ccb7   Thumb Code   252  lv_img.o(.text)
    lv_keyboard_set_textarea                 0x0801cdf9   Thumb Code    98  lv_keyboard.o(.text)
    lv_keyboard_def_event_cb                 0x0801ce5b   Thumb Code   518  lv_keyboard.o(.text)
    lv_keyboard_create                       0x0801d0cb   Thumb Code   288  lv_keyboard.o(.text)
    lv_label_get_text                        0x0801d29d   Thumb Code    32  lv_label.o(.text)
    lv_label_get_align                       0x0801d2bd   Thumb Code    42  lv_label.o(.text)
    lv_label_get_letter_on                   0x0801d333   Thumb Code   548  lv_label.o(.text)
    lv_label_refr_text                       0x0801d583   Thumb Code  1144  lv_label.o(.text)
    lv_label_set_text_static                 0x0801d9fb   Thumb Code    74  lv_label.o(.text)
    lv_label_set_text                        0x0801da45   Thumb Code   250  lv_label.o(.text)
    lv_label_set_align                       0x0801db3f   Thumb Code    60  lv_label.o(.text)
    lv_label_get_recolor                     0x0801db7b   Thumb Code    38  lv_label.o(.text)
    lv_label_set_recolor                     0x0801dba1   Thumb Code    58  lv_label.o(.text)
    lv_label_get_long_mode                   0x0801dbdb   Thumb Code    38  lv_label.o(.text)
    lv_label_set_long_mode                   0x0801dc65   Thumb Code   144  lv_label.o(.text)
    lv_label_get_style                       0x0801dcf5   Thumb Code    10  lv_label.o(.text)
    lv_label_get_text_sel_end                0x0801dda9   Thumb Code    30  lv_label.o(.text)
    lv_label_get_text_sel_start              0x0801ddc7   Thumb Code    30  lv_label.o(.text)
    lv_label_create                          0x0801dff5   Thumb Code   448  lv_label.o(.text)
    lv_label_set_text_fmt                    0x0801e1b5   Thumb Code   114  lv_label.o(.text)
    lv_label_get_letter_pos                  0x0801e227   Thumb Code   510  lv_label.o(.text)
    lv_label_ins_text                        0x0801e425   Thumb Code   198  lv_label.o(.text)
    lv_line_set_points                       0x0801e551   Thumb Code   120  lv_line.o(.text)
    lv_line_get_auto_size                    0x0801e5c9   Thumb Code    36  lv_line.o(.text)
    lv_line_set_auto_size                    0x0801e5ed   Thumb Code    64  lv_line.o(.text)
    lv_line_get_y_invert                     0x0801e62d   Thumb Code    36  lv_line.o(.text)
    lv_line_set_y_invert                     0x0801e651   Thumb Code    58  lv_line.o(.text)
    lv_line_create                           0x0801e7ad   Thumb Code   234  lv_line.o(.text)
    lv_page_get_scrollable                   0x0801e8e5   Thumb Code    32  lv_page.o(.text)
    lv_page_set_scrollbar_mode               0x0801ecf5   Thumb Code   104  lv_page.o(.text)
    lv_page_get_anim_time                    0x0801ef79   Thumb Code    34  lv_page.o(.text)
    lv_page_scroll_hor                       0x0801ef9b   Thumb Code    68  lv_page.o(.text)
    lv_page_scroll_ver                       0x0801efdf   Thumb Code    66  lv_page.o(.text)
    lv_page_start_edge_flash                 0x0801f3c5   Thumb Code   152  lv_page.o(.text)
    lv_page_on_edge                          0x0801f5b5   Thumb Code   148  lv_page.o(.text)
    lv_page_create                           0x0801f9fd   Thumb Code   370  lv_page.o(.text)
    lv_page_set_scroll_propagation           0x0801fb6f   Thumb Code    54  lv_page.o(.text)
    lv_page_set_edge_flash                   0x0801fba5   Thumb Code    44  lv_page.o(.text)
    lv_page_get_edge_flash                   0x0801fbd1   Thumb Code    40  lv_page.o(.text)
    lv_page_get_width_fit                    0x0801fbf9   Thumb Code    94  lv_page.o(.text)
    lv_slider_get_value                      0x0801fe69   Thumb Code    32  lv_slider.o(.text)
    lv_slider_create                         0x08020343   Thumb Code   254  lv_slider.o(.text)
    lv_tabview_get_anim_time                 0x080204c1   Thumb Code    32  lv_tabview.o(.text)
    lv_tabview_set_tab_act                   0x080204e1   Thumb Code   460  lv_tabview.o(.text)
    lv_tabview_get_tab                       0x08020885   Thumb Code   124  lv_tabview.o(.text)
    lv_tabview_add_tab                       0x08020901   Thumb Code   450  lv_tabview.o(.text)
    lv_tabview_get_tab_act                   0x08020ac3   Thumb Code    34  lv_tabview.o(.text)
    lv_tabview_create                        0x08020e67   Thumb Code   672  lv_tabview.o(.text)
    lv_textarea_get_cursor_pos               0x08021355   Thumb Code    32  lv_textarea.o(.text)
    lv_textarea_set_cursor_pos               0x080215f9   Thumb Code   424  lv_textarea.o(.text)
    lv_textarea_clear_selection              0x080217a1   Thumb Code    28  lv_textarea.o(.text)
    lv_textarea_get_text                     0x080217bd   Thumb Code    52  lv_textarea.o(.text)
    lv_textarea_get_max_length               0x080217f1   Thumb Code    34  lv_textarea.o(.text)
    lv_textarea_get_accepted_chars           0x08021813   Thumb Code    34  lv_textarea.o(.text)
    lv_textarea_add_text                     0x08021835   Thumb Code   426  lv_textarea.o(.text)
    lv_textarea_add_char                     0x08021a15   Thumb Code   338  lv_textarea.o(.text)
    lv_textarea_get_one_line                 0x08021b67   Thumb Code    40  lv_textarea.o(.text)
    lv_textarea_del_char                     0x08021b8f   Thumb Code   242  lv_textarea.o(.text)
    lv_textarea_del_char_forward             0x08021c81   Thumb Code    60  lv_textarea.o(.text)
    lv_textarea_cursor_down                  0x08021cbd   Thumb Code   130  lv_textarea.o(.text)
    lv_textarea_cursor_up                    0x08021d3f   Thumb Code   162  lv_textarea.o(.text)
    lv_textarea_cursor_left                  0x08021de1   Thumb Code    48  lv_textarea.o(.text)
    lv_textarea_cursor_right                 0x08021e11   Thumb Code    42  lv_textarea.o(.text)
    lv_textarea_set_cursor_hidden            0x08021e3b   Thumb Code    52  lv_textarea.o(.text)
    lv_port_disp_init                        0x08021f4f   Thumb Code    56  lv_port_disp.o(.text)
    lv_port_indev_init                       0x08021fc3   Thumb Code    40  lv_port_indev.o(.text)
    lv_mainstart                             0x08021ff9   Thumb Code    24  lv_mainstart.o(.text)
    Set_State                                0x08022015   Thumb Code   118  custom.o(.text)
    find_min_index                           0x0802288d   Thumb Code    34  custom.o(.text)
    custom_init                              0x08022a7b   Thumb Code   258  custom.o(.text)
    customUSART_init                         0x08022c79   Thumb Code   292  customusart.o(.text)
    customUSART_write                        0x08022d9d   Thumb Code   774  customusart.o(.text)
    HLconverter                              0x080230a3   Thumb Code    28  customusart.o(.text)
    customUSART_coding                       0x080230bf   Thumb Code  1948  customusart.o(.text)
    events_init_screen                       0x08023871   Thumb Code     2  events_init.o(.text)
    events_init                              0x08023873   Thumb Code     2  events_init.o(.text)
    setup_ui                                 0x080238a3   Thumb Code    60  gui_guider.o(.text)
    setup_scr_screen                         0x0802393b   Thumb Code 12750  setup_scr_screen.o(.text)
    SEGGER_RTT_WriteNoLock                   0x08026ca9   Thumb Code    86  segger_rtt.o(.text)
    SEGGER_RTT_Write                         0x08026cff   Thumb Code    50  segger_rtt.o(.text)
    SEGGER_RTT_vprintf                       0x08026e6b   Thumb Code   412  segger_rtt_printf.o(.text)
    SEGGER_RTT_printf                        0x08027007   Thumb Code    22  segger_rtt_printf.o(.text)
    __aeabi_uldivmod                         0x080270f1   Thumb Code    98  uldiv.o(.text)
    __aeabi_ldivmod                          0x08027153   Thumb Code    98  ldiv.o(.text)
    ___aeabi_memcpy8$move                    0x080271b5   Thumb Code     0  memmovea.o(.text)
    __aeabi_memcpy                           0x080271b5   Thumb Code    64  memmovea.o(.text)
    __aeabi_memcpy4                          0x080271b5   Thumb Code     0  memmovea.o(.text)
    __aeabi_memmove                          0x080271b5   Thumb Code     0  memmovea.o(.text)
    __aeabi_memmove4                         0x080271b5   Thumb Code     0  memmovea.o(.text)
    __aeabi_memmove8                         0x080271b5   Thumb Code     0  memmovea.o(.text)
    __aeabi_memset                           0x080271f5   Thumb Code    14  memseta.o(.text)
    __aeabi_memset4                          0x080271f5   Thumb Code     0  memseta.o(.text)
    __aeabi_memset8                          0x080271f5   Thumb Code     0  memseta.o(.text)
    __aeabi_memclr                           0x08027203   Thumb Code     4  memseta.o(.text)
    __aeabi_memclr4                          0x08027203   Thumb Code     0  memseta.o(.text)
    __aeabi_memclr8                          0x08027203   Thumb Code     0  memseta.o(.text)
    _memset$wrapper                          0x08027207   Thumb Code    18  memseta.o(.text)
    strlen                                   0x08027219   Thumb Code    14  strlen.o(.text)
    strcmp                                   0x08027227   Thumb Code    28  strcmp.o(.text)
    memcmp                                   0x08027243   Thumb Code    26  memcmp.o(.text)
    strcpy                                   0x0802725d   Thumb Code    18  strcpy.o(.text)
    __aeabi_fadd                             0x0802726f   Thumb Code   164  fadd.o(.text)
    __aeabi_fsub                             0x08027313   Thumb Code     6  fadd.o(.text)
    __aeabi_frsub                            0x08027319   Thumb Code     6  fadd.o(.text)
    __aeabi_fmul                             0x0802731f   Thumb Code   100  fmul.o(.text)
    __aeabi_fdiv                             0x08027383   Thumb Code   124  fdiv.o(.text)
    __ARM_scalbnf                            0x080273ff   Thumb Code    24  fscalb.o(.text)
    scalbnf                                  0x080273ff   Thumb Code     0  fscalb.o(.text)
    __aeabi_dadd                             0x08027417   Thumb Code   322  dadd.o(.text)
    __aeabi_dsub                             0x08027559   Thumb Code     6  dadd.o(.text)
    __aeabi_drsub                            0x0802755f   Thumb Code     6  dadd.o(.text)
    __aeabi_dmul                             0x08027565   Thumb Code   228  dmul.o(.text)
    __aeabi_i2f                              0x08027649   Thumb Code    18  fflti.o(.text)
    __aeabi_ui2f                             0x0802765b   Thumb Code    10  ffltui.o(.text)
    __aeabi_ui2d                             0x08027665   Thumb Code    26  dfltui.o(.text)
    __aeabi_f2iz                             0x0802767f   Thumb Code    50  ffixi.o(.text)
    __aeabi_f2uiz                            0x080276b1   Thumb Code    40  ffixui.o(.text)
    __aeabi_d2uiz                            0x080276d9   Thumb Code    50  dfixui.o(.text)
    __aeabi_f2d                              0x0802770b   Thumb Code    38  f2d.o(.text)
    __aeabi_cdcmpeq                          0x08027731   Thumb Code     0  cdcmple.o(.text)
    __aeabi_cdcmple                          0x08027731   Thumb Code    48  cdcmple.o(.text)
    __aeabi_cdrcmple                         0x08027761   Thumb Code    48  cdrcmple.o(.text)
    __aeabi_llsl                             0x08027791   Thumb Code    30  llshl.o(.text)
    _ll_shift_l                              0x08027791   Thumb Code     0  llshl.o(.text)
    __aeabi_llsr                             0x080277af   Thumb Code    32  llushr.o(.text)
    _ll_ushift_r                             0x080277af   Thumb Code     0  llushr.o(.text)
    __aeabi_lasr                             0x080277cf   Thumb Code    36  llsshr.o(.text)
    _ll_sshift_r                             0x080277cf   Thumb Code     0  llsshr.o(.text)
    __I$use$fp                               0x080277f3   Thumb Code     0  iusefp.o(.text)
    _float_round                             0x080277f3   Thumb Code    18  fepilogue.o(.text)
    _float_epilogue                          0x08027805   Thumb Code    92  fepilogue.o(.text)
    _double_round                            0x08027861   Thumb Code    30  depilogue.o(.text)
    _double_epilogue                         0x0802787f   Thumb Code   156  depilogue.o(.text)
    _dsqrt                                   0x0802791b   Thumb Code   162  dsqrt.o(.text)
    __scatterload                            0x080279bd   Thumb Code    28  init.o(.text)
    __scatterload_rt2                        0x080279bd   Thumb Code     0  init.o(.text)
    __decompress                             0x080279e1   Thumb Code     0  __dczerorl2.o(.text)
    __decompress1                            0x080279e1   Thumb Code    86  __dczerorl2.o(.text)
    __0printf$5                              0x08027a39   Thumb Code    22  printf5.o(i.__0printf$5)
    __1printf$5                              0x08027a39   Thumb Code     0  printf5.o(i.__0printf$5)
    __2printf                                0x08027a39   Thumb Code     0  printf5.o(i.__0printf$5)
    __scatterload_copy                       0x08027a59   Thumb Code    14  handlers.o(i.__scatterload_copy)
    __scatterload_null                       0x08027a67   Thumb Code     2  handlers.o(i.__scatterload_null)
    __scatterload_zeroinit                   0x08027a69   Thumb Code    14  handlers.o(i.__scatterload_zeroinit)
    __set_errno                              0x08027a79   Thumb Code     6  errno.o(i.__set_errno)
    sqrt                                     0x08027d45   Thumb Code    76  sqrt.o(i.sqrt)
    asc2_1206                                0x08027d90   Data        1140  lcd.o(.constdata)
    asc2_1608                                0x08028204   Data        1520  lcd.o(.constdata)
    asc2_2412                                0x080287f4   Data        3420  lcd.o(.constdata)
    TP_REMIND_MSG_TBL                        0x08029550   Data           4  touch.o(.constdata)
    OTT_TPX_TBL                              0x08029554   Data          10  ott2001a.o(.constdata)
    FT5206_TPX_TBL                           0x0802955e   Data          10  ft5206.o(.constdata)
    GT9147_CFG_TBL                           0x08029568   Data         184  gt9147.o(.constdata)
    GT9147_TPX_TBL                           0x08029620   Data          10  gt9147.o(.constdata)
    _lv_bpp1_opa_table                       0x08029640   Data           2  lv_draw_label.o(.constdata)
    _lv_bpp2_opa_table                       0x08029646   Data           4  lv_draw_label.o(.constdata)
    _lv_bpp4_opa_table                       0x0802964a   Data          16  lv_draw_label.o(.constdata)
    _lv_bpp8_opa_table                       0x0802965a   Data         256  lv_draw_label.o(.constdata)
    lv_anim_path_def                         0x0802cb8c   Data           8  lv_anim.o(.constdata)
    _FG_SIN_alpha_102x119_map                0x08039f00   Data       36414  _fg_sin_alpha_102x119.o(.constdata)
    _FG_SIN_alpha_102x119                    0x08042d40   Data          12  _fg_sin_alpha_102x119.o(.constdata)
    _FG_SQU_alpha_110x139_map                0x08042d4c   Data       45870  _fg_squ_alpha_110x139.o(.constdata)
    _FG_SQU_alpha_110x139                    0x0804e07c   Data          12  _fg_squ_alpha_110x139.o(.constdata)
    _FG_TRI_alpha_108x149_map                0x0804e088   Data       48276  _fg_tri_alpha_108x149.o(.constdata)
    _FG_TRI_alpha_108x149                    0x08059d1c   Data          12  _fg_tri_alpha_108x149.o(.constdata)
    _FG_CUS_alpha_108x149_map                0x08059d28   Data       48276  _fg_cus_alpha_108x149.o(.constdata)
    _FG_CUS_alpha_108x149                    0x080659bc   Data          12  _fg_cus_alpha_108x149.o(.constdata)
    Region$$Table$$Base                      0x08065c8c   Number         0  anon$$obj.o(Region$$Table)
    Region$$Table$$Limit                     0x08065cac   Number         0  anon$$obj.o(Region$$Table)
    SystemCoreClock                          0x20000000   Data           4  system_stm32f10x.o(.data)
    AHBPrescTable                            0x20000004   Data          16  system_stm32f10x.o(.data)
    POINT_COLOR                              0x20000016   Data           2  lcd.o(.data)
    BACK_COLOR                               0x20000018   Data           2  lcd.o(.data)
    CMD_RDX                                  0x2000001c   Data           1  touch.o(.data)
    CMD_RDY                                  0x2000001d   Data           1  touch.o(.data)
    tp_dev                                   0x20000020   Data          52  touch.o(.data)
    send_flag                                0x20000058   Data           1  timer.o(.data)
    USART_RX_STA                             0x20000060   Data           2  usart.o(.data)
    __stdout                                 0x20000064   Data           4  usart.o(.data)
    lv_font_montserrat_14                    0x200000e8   Data          24  lv_font_montserrat_14.o(.data)
    _lv_img_cache_array                      0x20000118   Data           4  lv_gc.o(.data)
    _lv_task_act                             0x2000011c   Data           4  lv_gc.o(.data)
    _lv_theme_material_styles                0x20000120   Data           4  lv_gc.o(.data)
    _lv_theme_template_styles                0x20000124   Data           4  lv_gc.o(.data)
    _lv_theme_mono_styles                    0x20000128   Data           4  lv_gc.o(.data)
    _lv_theme_empty_styles                   0x2000012c   Data           4  lv_gc.o(.data)
    _lv_font_decompr_buf                     0x20000130   Data           4  lv_gc.o(.data)
    _lv_txt_encoded_size                     0x2000016c   Data           4  lv_txt.o(.data)
    _lv_txt_encoded_next                     0x20000170   Data           4  lv_txt.o(.data)
    _lv_txt_encoded_get_byte_id              0x20000174   Data           4  lv_txt.o(.data)
    _lv_txt_unicode_to_encoded               0x20000178   Data           4  lv_txt.o(.data)
    _lv_txt_encoded_prev                     0x2000017c   Data           4  lv_txt.o(.data)
    _lv_txt_encoded_get_char_id              0x20000180   Data           4  lv_txt.o(.data)
    _lv_txt_get_encoded_length               0x20000184   Data           4  lv_txt.o(.data)
    indev_touchpad                           0x20000238   Data           4  lv_port_indev.o(.data)
    event_flag                               0x20000240   Data           1  custom.o(.data)
    mulX                                     0x20000724   Data           2  customusart.o(.data)
    mulY                                     0x20000726   Data           2  customusart.o(.data)
    Wave_Data                                0x20000770   Data         128  customusart.o(.data)
    guider_user                              0x200007f0   Data         120  customusart.o(.data)
    lv_font_montserratMedium_12              0x20000a14   Data          24  lv_font_montserratmedium_12.o(.data)
    lv_font_montserratMedium_15              0x20000a4c   Data          24  lv_font_montserratmedium_15.o(.data)
    lv_font_montserratMedium_24              0x20000a84   Data          24  lv_font_montserratmedium_24.o(.data)
    lcddev                                   0x20000aa0   Data          14  lcd.o(.bss)
    USART_RX_BUF                             0x20000aae   Data         200  usart.o(.bss)
    _lv_task_ll                              0x20000c78   Data          12  lv_gc.o(.bss)
    _lv_disp_ll                              0x20000c84   Data          12  lv_gc.o(.bss)
    _lv_indev_ll                             0x20000c90   Data          12  lv_gc.o(.bss)
    _lv_drv_ll                               0x20000c9c   Data          12  lv_gc.o(.bss)
    _lv_file_ll                              0x20000ca8   Data          12  lv_gc.o(.bss)
    _lv_anim_ll                              0x20000cb4   Data          12  lv_gc.o(.bss)
    _lv_group_ll                             0x20000cc0   Data          12  lv_gc.o(.bss)
    _lv_img_defoder_ll                       0x20000ccc   Data          12  lv_gc.o(.bss)
    _lv_obj_style_trans_ll                   0x20000cd8   Data          12  lv_gc.o(.bss)
    _lv_mem_buf                              0x20000ce4   Data         128  lv_gc.o(.bss)
    _lv_draw_mask_list                       0x20000d64   Data         128  lv_gc.o(.bss)
    guider_ui                                0x2000ea50   Data         292  lv_mainstart.o(.bss)
    _SEGGER_RTT                              0x2000eb74   Data         168  segger_rtt.o(.bss)
    __initial_sp                             0x2000f830   Data           0  startup_stm32f10x_hd.o(STACK)



==============================================================================

Memory Map of the image

  Image Entry point : 0x08000131

  Load Region LR_IROM1 (Base: 0x08000000, Size: 0x0006674c, Max: 0x00080000, ABSOLUTE, COMPRESSED[0x00065f1c])

    Execution Region ER_IROM1 (Exec base: 0x08000000, Load base: 0x08000000, Size: 0x00065cac, Max: 0x00080000, ABSOLUTE)

    Exec Addr    Load Addr    Size         Type   Attr      Idx    E Section Name        Object

    0x08000000   0x08000000   0x00000130   Data   RO         1128    RESET               startup_stm32f10x_hd.o
    0x08000130   0x08000130   0x00000000   Code   RO        13569  * .ARM.Collect$$$$00000000  mc_w.l(entry.o)
    0x08000130   0x08000130   0x00000004   Code   RO        13891    .ARM.Collect$$$$00000001  mc_w.l(entry2.o)
    0x08000134   0x08000134   0x00000004   Code   RO        13894    .ARM.Collect$$$$00000004  mc_w.l(entry5.o)
    0x08000138   0x08000138   0x00000000   Code   RO        13896    .ARM.Collect$$$$00000008  mc_w.l(entry7b.o)
    0x08000138   0x08000138   0x00000000   Code   RO        13898    .ARM.Collect$$$$0000000A  mc_w.l(entry8b.o)
    0x08000138   0x08000138   0x00000008   Code   RO        13899    .ARM.Collect$$$$0000000B  mc_w.l(entry9a.o)
    0x08000140   0x08000140   0x00000000   Code   RO        13901    .ARM.Collect$$$$0000000D  mc_w.l(entry10a.o)
    0x08000140   0x08000140   0x00000000   Code   RO        13903    .ARM.Collect$$$$0000000F  mc_w.l(entry11a.o)
    0x08000140   0x08000140   0x00000004   Code   RO        13892    .ARM.Collect$$$$00002712  mc_w.l(entry2.o)
    0x08000144   0x08000144   0x0000007c   Code   RO            1    .text               main.o
    0x080001c0   0x080001c0   0x00000012   Code   RO          461    .text               stm32f10x_it.o
    0x080001d2   0x080001d2   0x00000002   PAD
    0x080001d4   0x080001d4   0x000000f4   Code   RO          502    .text               system_stm32f10x.o
    0x080002c8   0x080002c8   0x00000050   Code   RO          526    .text               led.o
    0x08000318   0x08000318   0x00000100   Code   RO          538    .text               key.o
    0x08000418   0x08000418   0x00003780   Code   RO          553    .text               lcd.o
    0x08003b98   0x08003b98   0x0000022c   Code   RO          647    .text               myiic.o
    0x08003dc4   0x08003dc4   0x000000c6   Code   RO          662    .text               24cxx.o
    0x08003e8a   0x08003e8a   0x00000002   PAD
    0x08003e8c   0x08003e8c   0x00000b30   Code   RO          826    .text               touch.o
    0x080049bc   0x080049bc   0x00000268   Code   RO          858    .text               ctiic.o
    0x08004c24   0x08004c24   0x000002ec   Code   RO          878    .text               ott2001a.o
    0x08004f10   0x08004f10   0x000002c0   Code   RO          895    .text               ft5206.o
    0x080051d0   0x080051d0   0x000003a4   Code   RO          914    .text               gt9147.o
    0x08005574   0x08005574   0x000002ac   Code   RO          933    .text               timer.o
    0x08005820   0x08005820   0x000000bc   Code   RO          990    .text               sram.o
    0x080058dc   0x080058dc   0x00000098   Code   RO         1025    .text               delay.o
    0x08005974   0x08005974   0x00000148   Code   RO         1069    .text               usart.o
    0x08005abc   0x08005abc   0x00000024   Code   RO         1129    .text               startup_stm32f10x_hd.o
    0x08005ae0   0x08005ae0   0x00000088   Code   RO         1133    .text               misc.o
    0x08005b68   0x08005b68   0x000000e8   Code   RO         1160    .text               stm32f10x_fsmc.o
    0x08005c50   0x08005c50   0x000000b8   Code   RO         1273    .text               stm32f10x_gpio.o
    0x08005d08   0x08005d08   0x000000c8   Code   RO         1387    .text               stm32f10x_rcc.o
    0x08005dd0   0x08005dd0   0x0000014c   Code   RO         1694    .text               stm32f10x_usart.o
    0x08005f1c   0x08005f1c   0x000000c0   Code   RO         1838    .text               stm32f10x_tim.o
    0x08005fdc   0x08005fdc   0x0000005a   Code   RO         2358    .text               lv_disp.o
    0x08006036   0x08006036   0x00000002   PAD
    0x08006038   0x08006038   0x00000370   Code   RO         2564    .text               lv_group.o
    0x080063a8   0x080063a8   0x000012dc   Code   RO         2753    .text               lv_indev.o
    0x08007684   0x08007684   0x0000384c   Code   RO         2839    .text               lv_obj.o
    0x0800aed0   0x0800aed0   0x0000093a   Code   RO         3238    .text               lv_refr.o
    0x0800b80a   0x0800b80a   0x00000002   PAD
    0x0800b80c   0x0800b80c   0x00000a56   Code   RO         3312    .text               lv_style.o
    0x0800c262   0x0800c262   0x00000002   PAD
    0x0800c264   0x0800c264   0x00000e6e   Code   RO         3465    .text               lv_draw_blend.o
    0x0800d0d2   0x0800d0d2   0x00000002   PAD
    0x0800d0d4   0x0800d0d4   0x000009a0   Code   RO         3578    .text               lv_draw_img.o
    0x0800da74   0x0800da74   0x00000c40   Code   RO         3659    .text               lv_draw_label.o
    0x0800e6b4   0x0800e6b4   0x0000091e   Code   RO         3740    .text               lv_draw_line.o
    0x0800efd2   0x0800efd2   0x00000002   PAD
    0x0800efd4   0x0800efd4   0x00000a38   Code   RO         3825    .text               lv_draw_mask.o
    0x0800fa0c   0x0800fa0c   0x00001ef6   Code   RO         3924    .text               lv_draw_rect.o
    0x08011902   0x08011902   0x00000002   PAD
    0x08011904   0x08011904   0x000007f0   Code   RO         4024    .text               lv_img_buf.o
    0x080120f4   0x080120f4   0x000001f4   Code   RO         4091    .text               lv_img_cache.o
    0x080122e8   0x080122e8   0x00000648   Code   RO         4130    .text               lv_img_decoder.o
    0x08012930   0x08012930   0x00000024   Code   RO         4194    .text               lv_font.o
    0x08012954   0x08012954   0x000005a0   Code   RO         4505    .text               lv_font_fmt_txt.o
    0x08012ef4   0x08012ef4   0x00000298   Code   RO         4916    .text               lv_hal_disp.o
    0x0801318c   0x0801318c   0x00000104   Code   RO         5093    .text               lv_hal_indev.o
    0x08013290   0x08013290   0x00000030   Code   RO         5212    .text               lv_hal_tick.o
    0x080132c0   0x080132c0   0x00000318   Code   RO         5236    .text               lv_anim.o
    0x080135d8   0x080135d8   0x00000522   Code   RO         5369    .text               lv_area.o
    0x08013afa   0x08013afa   0x00000002   PAD
    0x08013afc   0x08013afc   0x000000f0   Code   RO         5439    .text               lv_color.o
    0x08013bec   0x08013bec   0x0000006c   Code   RO         5478    .text               lv_debug.o
    0x08013c58   0x08013c58   0x0000027c   Code   RO         5550    .text               lv_ll.o
    0x08013ed4   0x08013ed4   0x00000074   Code   RO         5581    .text               lv_math.o
    0x08013f48   0x08013f48   0x000005c0   Code   RO         5619    .text               lv_mem.o
    0x08014508   0x08014508   0x0000069c   Code   RO         5656    .text               lv_printf.o
    0x08014ba4   0x08014ba4   0x00000008   Code   RO         5658    .text               lv_printf.o
    0x08014bac   0x08014bac   0x00000308   Code   RO         5680    .text               lv_task.o
    0x08014eb4   0x08014eb4   0x00000698   Code   RO         5736    .text               lv_txt.o
    0x0801554c   0x0801554c   0x0000004c   Code   RO         5820    .text               lv_utils.o
    0x08015598   0x08015598   0x00000188   Code   RO         5840    .text               lv_theme.o
    0x08015720   0x08015720   0x00003f78   Code   RO         6201    .text               lv_theme_material.o
    0x08019698   0x08019698   0x000009cc   Code   RO         7081    .text               lv_bar.o
    0x0801a064   0x0801a064   0x00000298   Code   RO         7194    .text               lv_btn.o
    0x0801a2fc   0x0801a2fc   0x00001144   Code   RO         7248    .text               lv_btnmatrix.o
    0x0801b440   0x0801b440   0x00000cd2   Code   RO         8211    .text               lv_cont.o
    0x0801c112   0x0801c112   0x00000002   PAD
    0x0801c114   0x0801c114   0x00000ce2   Code   RO         9021    .text               lv_img.o
    0x0801cdf6   0x0801cdf6   0x00000002   PAD
    0x0801cdf8   0x0801cdf8   0x00000458   Code   RO         9340    .text               lv_keyboard.o
    0x0801d250   0x0801d250   0x00001300   Code   RO         9428    .text               lv_label.o
    0x0801e550   0x0801e550   0x00000394   Code   RO         9604    .text               lv_line.o
    0x0801e8e4   0x0801e8e4   0x000013ec   Code   RO        10218    .text               lv_page.o
    0x0801fcd0   0x0801fcd0   0x000007f0   Code   RO        10532    .text               lv_slider.o
    0x080204c0   0x080204c0   0x00000e1c   Code   RO        11068    .text               lv_tabview.o
    0x080212dc   0x080212dc   0x00000076   Code   RO        11165    .text               lv_textarea.o
    0x08021352   0x08021352   0x00000002   PAD
    0x08021354   0x08021354   0x00000bd4   Code   RO        11166    .text               lv_textarea.o
    0x08021f28   0x08021f28   0x00000006   Code   RO        11175    .text               lv_textarea.o
    0x08021f2e   0x08021f2e   0x00000002   Code   RO        11176    .text               lv_textarea.o
    0x08021f30   0x08021f30   0x00000068   Code   RO        11666    .text               lv_port_disp.o
    0x08021f98   0x08021f98   0x00000060   Code   RO        11941    .text               lv_port_indev.o
    0x08021ff8   0x08021ff8   0x0000001c   Code   RO        12390    .text               lv_mainstart.o
    0x08022014   0x08022014   0x00000c64   Code   RO        12860    .text               custom.o
    0x08022c78   0x08022c78   0x00000bf8   Code   RO        12893    .text               customusart.o
    0x08023870   0x08023870   0x00000004   Code   RO        12946    .text               events_init.o
    0x08023874   0x08023874   0x00000078   Code   RO        12965    .text               gui_guider.o
    0x080238ec   0x080238ec   0x000032ce   Code   RO        13108    .text               setup_scr_screen.o
    0x08026bba   0x08026bba   0x00000002   PAD
    0x08026bbc   0x08026bbc   0x000001a0   Code   RO        13344    .text               segger_rtt.o
    0x08026d5c   0x08026d5c   0x00000394   Code   RO        13548    .text               segger_rtt_printf.o
    0x080270f0   0x080270f0   0x00000062   Code   RO        13572    .text               mc_w.l(uldiv.o)
    0x08027152   0x08027152   0x00000062   Code   RO        13574    .text               mc_w.l(ldiv.o)
    0x080271b4   0x080271b4   0x00000040   Code   RO        13578    .text               mc_w.l(memmovea.o)
    0x080271f4   0x080271f4   0x00000024   Code   RO        13580    .text               mc_w.l(memseta.o)
    0x08027218   0x08027218   0x0000000e   Code   RO        13588    .text               mc_w.l(strlen.o)
    0x08027226   0x08027226   0x0000001c   Code   RO        13590    .text               mc_w.l(strcmp.o)
    0x08027242   0x08027242   0x0000001a   Code   RO        13592    .text               mc_w.l(memcmp.o)
    0x0802725c   0x0802725c   0x00000012   Code   RO        13594    .text               mc_w.l(strcpy.o)
    0x0802726e   0x0802726e   0x000000b0   Code   RO        13861    .text               mf_w.l(fadd.o)
    0x0802731e   0x0802731e   0x00000064   Code   RO        13863    .text               mf_w.l(fmul.o)
    0x08027382   0x08027382   0x0000007c   Code   RO        13865    .text               mf_w.l(fdiv.o)
    0x080273fe   0x080273fe   0x00000018   Code   RO        13867    .text               mf_w.l(fscalb.o)
    0x08027416   0x08027416   0x0000014e   Code   RO        13869    .text               mf_w.l(dadd.o)
    0x08027564   0x08027564   0x000000e4   Code   RO        13871    .text               mf_w.l(dmul.o)
    0x08027648   0x08027648   0x00000012   Code   RO        13873    .text               mf_w.l(fflti.o)
    0x0802765a   0x0802765a   0x0000000a   Code   RO        13875    .text               mf_w.l(ffltui.o)
    0x08027664   0x08027664   0x0000001a   Code   RO        13877    .text               mf_w.l(dfltui.o)
    0x0802767e   0x0802767e   0x00000032   Code   RO        13879    .text               mf_w.l(ffixi.o)
    0x080276b0   0x080276b0   0x00000028   Code   RO        13881    .text               mf_w.l(ffixui.o)
    0x080276d8   0x080276d8   0x00000032   Code   RO        13883    .text               mf_w.l(dfixui.o)
    0x0802770a   0x0802770a   0x00000026   Code   RO        13885    .text               mf_w.l(f2d.o)
    0x08027730   0x08027730   0x00000030   Code   RO        13887    .text               mf_w.l(cdcmple.o)
    0x08027760   0x08027760   0x00000030   Code   RO        13889    .text               mf_w.l(cdrcmple.o)
    0x08027790   0x08027790   0x0000001e   Code   RO        13907    .text               mc_w.l(llshl.o)
    0x080277ae   0x080277ae   0x00000020   Code   RO        13909    .text               mc_w.l(llushr.o)
    0x080277ce   0x080277ce   0x00000024   Code   RO        13911    .text               mc_w.l(llsshr.o)
    0x080277f2   0x080277f2   0x00000000   Code   RO        13920    .text               mc_w.l(iusefp.o)
    0x080277f2   0x080277f2   0x0000006e   Code   RO        13921    .text               mf_w.l(fepilogue.o)
    0x08027860   0x08027860   0x000000ba   Code   RO        13923    .text               mf_w.l(depilogue.o)
    0x0802791a   0x0802791a   0x000000a2   Code   RO        13927    .text               mf_w.l(dsqrt.o)
    0x080279bc   0x080279bc   0x00000024   Code   RO        13931    .text               mc_w.l(init.o)
    0x080279e0   0x080279e0   0x00000056   Code   RO        13941    .text               mc_w.l(__dczerorl2.o)
    0x08027a36   0x08027a36   0x00000002   PAD
    0x08027a38   0x08027a38   0x00000020   Code   RO        13733    i.__0printf$5       mc_w.l(printf5.o)
    0x08027a58   0x08027a58   0x0000000e   Code   RO        13935    i.__scatterload_copy  mc_w.l(handlers.o)
    0x08027a66   0x08027a66   0x00000002   Code   RO        13936    i.__scatterload_null  mc_w.l(handlers.o)
    0x08027a68   0x08027a68   0x0000000e   Code   RO        13937    i.__scatterload_zeroinit  mc_w.l(handlers.o)
    0x08027a76   0x08027a76   0x00000002   PAD
    0x08027a78   0x08027a78   0x0000000c   Code   RO        13915    i.__set_errno       mc_w.l(errno.o)
    0x08027a84   0x08027a84   0x000002c0   Code   RO        13740    i._printf_core      mc_w.l(printf5.o)
    0x08027d44   0x08027d44   0x0000004c   Code   RO        13562    i.sqrt              m_ws.l(sqrt.o)
    0x08027d90   0x08027d90   0x000017c0   Data   RO          565    .constdata          lcd.o
    0x08029550   0x08029550   0x00000004   Data   RO          828    .constdata          touch.o
    0x08029554   0x08029554   0x0000000a   Data   RO          879    .constdata          ott2001a.o
    0x0802955e   0x0802955e   0x0000000a   Data   RO          896    .constdata          ft5206.o
    0x08029568   0x08029568   0x000000c2   Data   RO          915    .constdata          gt9147.o
    0x0802962a   0x0802962a   0x00000002   PAD
    0x0802962c   0x0802962c   0x00000002   Data   RO         2891    .constdata          lv_obj.o
    0x0802962e   0x0802962e   0x00000002   PAD
    0x08029630   0x08029630   0x00000002   Data   RO         3242    .constdata          lv_refr.o
    0x08029632   0x08029632   0x00000002   PAD
    0x08029634   0x08029634   0x0000000a   Data   RO         3579    .constdata          lv_draw_img.o
    0x0802963e   0x0802963e   0x00000002   PAD
    0x08029640   0x08029640   0x0000011a   Data   RO         3661    .constdata          lv_draw_label.o
    0x0802975a   0x0802975a   0x00000021   Data   RO         3741    .constdata          lv_draw_line.o
    0x0802977b   0x0802977b   0x00000001   PAD
    0x0802977c   0x0802977c   0x00000002   Data   RO         3926    .constdata          lv_draw_rect.o
    0x0802977e   0x0802977e   0x0000219a   Data   RO         4634    .constdata          lv_font_montserrat_14.o
    0x0802b918   0x0802b918   0x000004d8   Data   RO         4635    .constdata          lv_font_montserrat_14.o
    0x0802bdf0   0x0802bdf0   0x00000076   Data   RO         4636    .constdata          lv_font_montserrat_14.o
    0x0802be66   0x0802be66   0x00000002   PAD
    0x0802be68   0x0802be68   0x00000028   Data   RO         4637    .constdata          lv_font_montserrat_14.o
    0x0802be90   0x0802be90   0x0000009b   Data   RO         4638    .constdata          lv_font_montserrat_14.o
    0x0802bf2b   0x0802bf2b   0x0000009b   Data   RO         4639    .constdata          lv_font_montserrat_14.o
    0x0802bfc6   0x0802bfc6   0x00000bad   Data   RO         4640    .constdata          lv_font_montserrat_14.o
    0x0802cb73   0x0802cb73   0x00000001   PAD
    0x0802cb74   0x0802cb74   0x00000010   Data   RO         4641    .constdata          lv_font_montserrat_14.o
    0x0802cb84   0x0802cb84   0x00000006   Data   RO         4922    .constdata          lv_hal_disp.o
    0x0802cb8a   0x0802cb8a   0x00000002   PAD
    0x0802cb8c   0x0802cb8c   0x00000008   Data   RO         5244    .constdata          lv_anim.o
    0x0802cb94   0x0802cb94   0x00000002   Data   RO         5444    .constdata          lv_color.o
    0x0802cb96   0x0802cb96   0x00000011   Data   RO         5481    .constdata          lv_debug.o
    0x0802cba7   0x0802cba7   0x00000001   PAD
    0x0802cba8   0x0802cba8   0x000000b6   Data   RO         5586    .constdata          lv_math.o
    0x0802cc5e   0x0802cc5e   0x00000002   PAD
    0x0802cc60   0x0802cc60   0x00000046   Data   RO         6203    .constdata          lv_theme_material.o
    0x0802cca6   0x0802cca6   0x00000002   PAD
    0x0802cca8   0x0802cca8   0x000000b0   Data   RO         9349    .constdata          lv_keyboard.o
    0x0802cd58   0x0802cd58   0x00000050   Data   RO         9350    .constdata          lv_keyboard.o
    0x0802cda8   0x0802cda8   0x000000b0   Data   RO         9351    .constdata          lv_keyboard.o
    0x0802ce58   0x0802ce58   0x00000050   Data   RO         9352    .constdata          lv_keyboard.o
    0x0802cea8   0x0802cea8   0x000000b0   Data   RO         9353    .constdata          lv_keyboard.o
    0x0802cf58   0x0802cf58   0x00000050   Data   RO         9354    .constdata          lv_keyboard.o
    0x0802cfa8   0x0802cfa8   0x00000054   Data   RO         9355    .constdata          lv_keyboard.o
    0x0802cffc   0x0802cffc   0x00000022   Data   RO         9356    .constdata          lv_keyboard.o
    0x0802d01e   0x0802d01e   0x00001949   Data   RO        13250    .constdata          lv_font_montserratmedium_12.o
    0x0802e967   0x0802e967   0x00000001   PAD
    0x0802e968   0x0802e968   0x000004c0   Data   RO        13251    .constdata          lv_font_montserratmedium_12.o
    0x0802ee28   0x0802ee28   0x00000072   Data   RO        13252    .constdata          lv_font_montserratmedium_12.o
    0x0802ee9a   0x0802ee9a   0x00000002   PAD
    0x0802ee9c   0x0802ee9c   0x0000003c   Data   RO        13253    .constdata          lv_font_montserratmedium_12.o
    0x0802eed8   0x0802eed8   0x00000098   Data   RO        13254    .constdata          lv_font_montserratmedium_12.o
    0x0802ef70   0x0802ef70   0x00000098   Data   RO        13255    .constdata          lv_font_montserratmedium_12.o
    0x0802f008   0x0802f008   0x00000b40   Data   RO        13256    .constdata          lv_font_montserratmedium_12.o
    0x0802fb48   0x0802fb48   0x00000010   Data   RO        13257    .constdata          lv_font_montserratmedium_12.o
    0x0802fb58   0x0802fb58   0x00002531   Data   RO        13268    .constdata          lv_font_montserratmedium_15.o
    0x08032089   0x08032089   0x00000003   PAD
    0x0803208c   0x0803208c   0x000004c8   Data   RO        13269    .constdata          lv_font_montserratmedium_15.o
    0x08032554   0x08032554   0x00000072   Data   RO        13270    .constdata          lv_font_montserratmedium_15.o
    0x080325c6   0x080325c6   0x00000002   PAD
    0x080325c8   0x080325c8   0x00000028   Data   RO        13271    .constdata          lv_font_montserratmedium_15.o
    0x080325f0   0x080325f0   0x00000099   Data   RO        13272    .constdata          lv_font_montserratmedium_15.o
    0x08032689   0x08032689   0x00000099   Data   RO        13273    .constdata          lv_font_montserratmedium_15.o
    0x08032722   0x08032722   0x00000b40   Data   RO        13274    .constdata          lv_font_montserratmedium_15.o
    0x08033262   0x08033262   0x00000002   PAD
    0x08033264   0x08033264   0x00000010   Data   RO        13275    .constdata          lv_font_montserratmedium_15.o
    0x08033274   0x08033274   0x00005aa1   Data   RO        13286    .constdata          lv_font_montserratmedium_24.o
    0x08038d15   0x08038d15   0x00000003   PAD
    0x08038d18   0x08038d18   0x000004c8   Data   RO        13287    .constdata          lv_font_montserratmedium_24.o
    0x080391e0   0x080391e0   0x00000072   Data   RO        13288    .constdata          lv_font_montserratmedium_24.o
    0x08039252   0x08039252   0x00000002   PAD
    0x08039254   0x08039254   0x00000028   Data   RO        13289    .constdata          lv_font_montserratmedium_24.o
    0x0803927c   0x0803927c   0x00000099   Data   RO        13290    .constdata          lv_font_montserratmedium_24.o
    0x08039315   0x08039315   0x00000099   Data   RO        13291    .constdata          lv_font_montserratmedium_24.o
    0x080393ae   0x080393ae   0x00000b40   Data   RO        13292    .constdata          lv_font_montserratmedium_24.o
    0x08039eee   0x08039eee   0x00000002   PAD
    0x08039ef0   0x08039ef0   0x00000010   Data   RO        13293    .constdata          lv_font_montserratmedium_24.o
    0x08039f00   0x08039f00   0x00008e3e   Data   RO        13304    .constdata          _fg_sin_alpha_102x119.o
    0x08042d3e   0x08042d3e   0x00000002   PAD
    0x08042d40   0x08042d40   0x0000000c   Data   RO        13305    .constdata          _fg_sin_alpha_102x119.o
    0x08042d4c   0x08042d4c   0x0000b32e   Data   RO        13314    .constdata          _fg_squ_alpha_110x139.o
    0x0804e07a   0x0804e07a   0x00000002   PAD
    0x0804e07c   0x0804e07c   0x0000000c   Data   RO        13315    .constdata          _fg_squ_alpha_110x139.o
    0x0804e088   0x0804e088   0x0000bc94   Data   RO        13324    .constdata          _fg_tri_alpha_108x149.o
    0x08059d1c   0x08059d1c   0x0000000c   Data   RO        13325    .constdata          _fg_tri_alpha_108x149.o
    0x08059d28   0x08059d28   0x0000bc94   Data   RO        13334    .constdata          _fg_cus_alpha_108x149.o
    0x080659bc   0x080659bc   0x0000000c   Data   RO        13335    .constdata          _fg_cus_alpha_108x149.o
    0x080659c8   0x080659c8   0x00000021   Data   RO        13377    .constdata          segger_rtt.o
    0x080659e9   0x080659e9   0x00000010   Data   RO        13549    .constdata          segger_rtt_printf.o
    0x080659f9   0x080659f9   0x00000003   PAD
    0x080659fc   0x080659fc   0x00000079   Data   RO          829    .conststring        touch.o
    0x08065a75   0x08065a75   0x00000003   PAD
    0x08065a78   0x08065a78   0x00000051   Data   RO         5626    .conststring        lv_mem.o
    0x08065ac9   0x08065ac9   0x00000003   PAD
    0x08065acc   0x08065acc   0x0000002d   Data   RO         7258    .conststring        lv_btnmatrix.o
    0x08065af9   0x08065af9   0x00000003   PAD
    0x08065afc   0x08065afc   0x000000a0   Data   RO         9357    .conststring        lv_keyboard.o
    0x08065b9c   0x08065b9c   0x0000006c   Data   RO         9358    .conststring        lv_keyboard.o
    0x08065c08   0x08065c08   0x0000007e   Data   RO         9359    .conststring        lv_keyboard.o
    0x08065c86   0x08065c86   0x00000002   PAD
    0x08065c88   0x08065c88   0x00000004   Data   RO         9360    .conststring        lv_keyboard.o
    0x08065c8c   0x08065c8c   0x00000020   Data   RO        13933    Region$$Table       anon$$obj.o


    Execution Region RW_IRAM1 (Exec base: 0x20000000, Load base: 0x08065cac, Size: 0x0000f830, Max: 0x00010000, ABSOLUTE, COMPRESSED[0x00000270])

    Exec Addr    Load Addr    Size         Type   Attr      Idx    E Section Name        Object

    0x20000000   COMPRESSED   0x00000014   Data   RW          504    .data               system_stm32f10x.o
    0x20000014   COMPRESSED   0x00000001   Data   RW          539    .data               key.o
    0x20000015   COMPRESSED   0x00000001   PAD
    0x20000016   COMPRESSED   0x00000004   Data   RW          566    .data               lcd.o
    0x2000001a   COMPRESSED   0x00000002   PAD
    0x2000001c   COMPRESSED   0x00000038   Data   RW          830    .data               touch.o
    0x20000054   COMPRESSED   0x00000001   Data   RW          880    .data               ott2001a.o
    0x20000055   COMPRESSED   0x00000001   Data   RW          897    .data               ft5206.o
    0x20000056   COMPRESSED   0x00000001   Data   RW          916    .data               gt9147.o
    0x20000057   COMPRESSED   0x00000001   PAD
    0x20000058   COMPRESSED   0x00000004   Data   RW          934    .data               timer.o
    0x2000005c   COMPRESSED   0x00000004   Data   RW         1026    .data               delay.o
    0x20000060   COMPRESSED   0x00000002   Data   RW         1074    .data               usart.o
    0x20000062   COMPRESSED   0x00000002   PAD
    0x20000064   COMPRESSED   0x00000004   Data   RW         1075    .data               usart.o
    0x20000068   COMPRESSED   0x00000014   Data   RW         1396    .data               stm32f10x_rcc.o
    0x2000007c   COMPRESSED   0x00000008   Data   RW         2762    .data               lv_indev.o
    0x20000084   COMPRESSED   0x0000000c   Data   RW         2892    .data               lv_obj.o
    0x20000090   COMPRESSED   0x00000020   Data   RW         3243    .data               lv_refr.o
    0x200000b0   COMPRESSED   0x00000008   Data   RW         3663    .data               lv_draw_label.o
    0x200000b8   COMPRESSED   0x00000002   Data   RW         4092    .data               lv_img_cache.o
    0x200000ba   COMPRESSED   0x00000002   PAD
    0x200000bc   COMPRESSED   0x0000000c   Data   RW         4506    .data               lv_font_fmt_txt.o
    0x200000c8   COMPRESSED   0x00000020   Data   RW         4642    .data               lv_font_montserrat_14.o
    0x200000e8   COMPRESSED   0x00000018   Data   RW         4643    .data               lv_font_montserrat_14.o
    0x20000100   COMPRESSED   0x00000004   Data   RW         4923    .data               lv_hal_disp.o
    0x20000104   COMPRESSED   0x00000008   Data   RW         5213    .data               lv_hal_tick.o
    0x2000010c   COMPRESSED   0x0000000c   Data   RW         5245    .data               lv_anim.o
    0x20000118   COMPRESSED   0x0000001c   Data   RW         5517    .data               lv_gc.o
    0x20000134   COMPRESSED   0x00000020   Data   RW         5627    .data               lv_mem.o
    0x20000154   COMPRESSED   0x00000018   Data   RW         5686    .data               lv_task.o
    0x2000016c   COMPRESSED   0x0000000c   Data   RW         5737    .data               lv_txt.o
    0x20000178   COMPRESSED   0x00000004   Data   RW         5738    .data               lv_txt.o
    0x2000017c   COMPRESSED   0x00000004   Data   RW         5740    .data               lv_txt.o
    0x20000180   COMPRESSED   0x00000004   Data   RW         5741    .data               lv_txt.o
    0x20000184   COMPRESSED   0x00000004   Data   RW         5742    .data               lv_txt.o
    0x20000188   COMPRESSED   0x00000004   Data   RW         5851    .data               lv_theme.o
    0x2000018c   COMPRESSED   0x00000008   Data   RW         6204    .data               lv_theme_material.o
    0x20000194   COMPRESSED   0x00000008   Data   RW         7087    .data               lv_bar.o
    0x2000019c   COMPRESSED   0x00000008   Data   RW         7197    .data               lv_btn.o
    0x200001a4   COMPRESSED   0x00000024   Data   RW         7259    .data               lv_btnmatrix.o
    0x200001c8   COMPRESSED   0x00000008   Data   RW         8213    .data               lv_cont.o
    0x200001d0   COMPRESSED   0x00000004   Data   RW         9035    .data               lv_img.o
    0x200001d4   COMPRESSED   0x00000024   Data   RW         9361    .data               lv_keyboard.o
    0x200001f8   COMPRESSED   0x00000004   Data   RW         9435    .data               lv_label.o
    0x200001fc   COMPRESSED   0x00000004   Data   RW         9605    .data               lv_line.o
    0x20000200   COMPRESSED   0x00000008   Data   RW        10229    .data               lv_page.o
    0x20000208   COMPRESSED   0x00000008   Data   RW        10534    .data               lv_slider.o
    0x20000210   COMPRESSED   0x00000010   Data   RW        11076    .data               lv_tabview.o
    0x20000220   COMPRESSED   0x00000014   Data   RW        11197    .data               lv_textarea.o
    0x20000234   COMPRESSED   0x00000008   Data   RW        11942    .data               lv_port_indev.o
    0x2000023c   COMPRESSED   0x00000036   Data   RW        12861    .data               custom.o
    0x20000272   COMPRESSED   0x00000002   PAD
    0x20000274   COMPRESSED   0x00000028   Data   RW        12894    .data               customusart.o
    0x2000029c   COMPRESSED   0x00000028   Data   RW        12895    .data               customusart.o
    0x200002c4   COMPRESSED   0x00000028   Data   RW        12896    .data               customusart.o
    0x200002ec   COMPRESSED   0x00000028   Data   RW        12897    .data               customusart.o
    0x20000314   COMPRESSED   0x00000028   Data   RW        12898    .data               customusart.o
    0x2000033c   COMPRESSED   0x00000028   Data   RW        12899    .data               customusart.o
    0x20000364   COMPRESSED   0x00000028   Data   RW        12900    .data               customusart.o
    0x2000038c   COMPRESSED   0x00000028   Data   RW        12901    .data               customusart.o
    0x200003b4   COMPRESSED   0x00000028   Data   RW        12902    .data               customusart.o
    0x200003dc   COMPRESSED   0x00000028   Data   RW        12903    .data               customusart.o
    0x20000404   COMPRESSED   0x00000028   Data   RW        12904    .data               customusart.o
    0x2000042c   COMPRESSED   0x00000028   Data   RW        12905    .data               customusart.o
    0x20000454   COMPRESSED   0x00000028   Data   RW        12906    .data               customusart.o
    0x2000047c   COMPRESSED   0x00000028   Data   RW        12907    .data               customusart.o
    0x200004a4   COMPRESSED   0x00000028   Data   RW        12908    .data               customusart.o
    0x200004cc   COMPRESSED   0x00000028   Data   RW        12909    .data               customusart.o
    0x200004f4   COMPRESSED   0x00000028   Data   RW        12910    .data               customusart.o
    0x2000051c   COMPRESSED   0x00000028   Data   RW        12911    .data               customusart.o
    0x20000544   COMPRESSED   0x00000028   Data   RW        12912    .data               customusart.o
    0x2000056c   COMPRESSED   0x00000028   Data   RW        12913    .data               customusart.o
    0x20000594   COMPRESSED   0x00000028   Data   RW        12914    .data               customusart.o
    0x200005bc   COMPRESSED   0x00000028   Data   RW        12915    .data               customusart.o
    0x200005e4   COMPRESSED   0x00000028   Data   RW        12916    .data               customusart.o
    0x2000060c   COMPRESSED   0x00000028   Data   RW        12917    .data               customusart.o
    0x20000634   COMPRESSED   0x00000028   Data   RW        12918    .data               customusart.o
    0x2000065c   COMPRESSED   0x00000028   Data   RW        12919    .data               customusart.o
    0x20000684   COMPRESSED   0x00000028   Data   RW        12920    .data               customusart.o
    0x200006ac   COMPRESSED   0x00000028   Data   RW        12921    .data               customusart.o
    0x200006d4   COMPRESSED   0x00000028   Data   RW        12922    .data               customusart.o
    0x200006fc   COMPRESSED   0x00000028   Data   RW        12923    .data               customusart.o
    0x20000724   COMPRESSED   0x000000cc   Data   RW        12924    .data               customusart.o
    0x200007f0   COMPRESSED   0x00000078   Data   RW        12925    .data               customusart.o
    0x20000868   COMPRESSED   0x0000018c   Data   RW        13109    .data               setup_scr_screen.o
    0x200009f4   COMPRESSED   0x00000020   Data   RW        13258    .data               lv_font_montserratmedium_12.o
    0x20000a14   COMPRESSED   0x00000018   Data   RW        13259    .data               lv_font_montserratmedium_12.o
    0x20000a2c   COMPRESSED   0x00000020   Data   RW        13276    .data               lv_font_montserratmedium_15.o
    0x20000a4c   COMPRESSED   0x00000018   Data   RW        13277    .data               lv_font_montserratmedium_15.o
    0x20000a64   COMPRESSED   0x00000020   Data   RW        13294    .data               lv_font_montserratmedium_24.o
    0x20000a84   COMPRESSED   0x00000018   Data   RW        13295    .data               lv_font_montserratmedium_24.o
    0x20000a9c   COMPRESSED   0x00000004   Data   RW        13916    .data               mc_w.l(errno.o)
    0x20000aa0        -       0x0000000e   Zero   RW          564    .bss                lcd.o
    0x20000aae        -       0x000000c8   Zero   RW         1073    .bss                usart.o
    0x20000b76        -       0x00000100   Zero   RW         3660    .bss                lv_draw_label.o
    0x20000c76   COMPRESSED   0x00000002   PAD
    0x20000c78        -       0x0000016c   Zero   RW         5516    .bss                lv_gc.o
    0x20000de4        -       0x0000dc00   Zero   RW         5623    .bss                lv_mem.o
    0x2000e9e4        -       0x00000010   Zero   RW         5624    .bss                lv_mem.o
    0x2000e9f4        -       0x00000010   Zero   RW         5625    .bss                lv_mem.o
    0x2000ea04        -       0x00000028   Zero   RW         6202    .bss                lv_theme_material.o
    0x2000ea2c        -       0x00000024   Zero   RW        11668    .bss                lv_port_disp.o
    0x2000ea50        -       0x00000124   Zero   RW        12391    .bss                lv_mainstart.o
    0x2000eb74        -       0x000004b8   Zero   RW        13376    .bss                segger_rtt.o
    0x2000f02c   COMPRESSED   0x00000004   PAD
    0x2000f030        -       0x00000800   Zero   RW         1126    STACK               startup_stm32f10x_hd.o



  Load Region LR$$.ARM.__AT_0x68000000 (Base: 0x68000000, Size: 0x00000000, Max: 0x00025800, ABSOLUTE)

    Execution Region ER$$.ARM.__AT_0x68000000 (Exec base: 0x68000000, Load base: 0x68000000, Size: 0x00025800, Max: 0x00025800, ABSOLUTE, UNINIT)

    Exec Addr    Load Addr    Size         Type   Attr      Idx    E Section Name        Object

    0x68000000        -       0x00025800   Zero   RW        11667    .ARM.__AT_0x68000000  lv_port_disp.o


==============================================================================

Image component sizes


      Code (inc. data)   RO Data    RW Data    ZI Data      Debug   Object Name

       198          0          0          0          0       1883   24cxx.o
         0          0      48288          0          0        714   _fg_cus_alpha_108x149.o
         0          0      36426          0          0        714   _fg_sin_alpha_102x119.o
         0          0      45882          0          0        714   _fg_squ_alpha_110x139.o
         0          0      48288          0          0        714   _fg_tri_alpha_108x149.o
       616         16          0          0          0       2795   ctiic.o
      3172        352          0         54          0      18406   custom.o
      3064        754          0       1524          0       8420   customusart.o
       152         14          0          4          0       1063   delay.o
         4          0          0          0          0       3981   events_init.o
       704         32         10          1          0       2707   ft5206.o
       932         66        194          1          0       3266   gt9147.o
       120         14          0          0          0      22839   gui_guider.o
       256         14          0          1          0        892   key.o
     14208        110       6080          4         14      49125   lcd.o
        80         10          0          0          0        487   led.o
       792         34          8         12          0      27901   lv_anim.o
         0          0          0          0          0      26630   lv_arc.o
      1314         22          0          0          0       6618   lv_area.o
         0          0          0          0          0        874   lv_async.o
      2508         84          0          8          0      63327   lv_bar.o
         0          0          0          0          0       2636   lv_bidi.o
       664         76          0          8          0      15145   lv_btn.o
      4420         90         45         36          0      44640   lv_btnmatrix.o
         0          0          0          0          0       2445   lv_calendar.o
       240          6          2          0          0       6845   lv_color.o
      3282         52          0          8          0      46665   lv_cont.o
       108          4         17          0          0       1129   lv_debug.o
        90          0          0          0          0      31957   lv_disp.o
         0          0          0          0          0      14732   lv_draw_arc.o
      3694         16          0          0          0      42422   lv_draw_blend.o
      2464         50         10          0          0      48844   lv_draw_img.o
      3136         32        282          8        256      36483   lv_draw_label.o
      2334          4         33          0          0      33981   lv_draw_line.o
      2616         16          0          0          0      13656   lv_draw_mask.o
      7926          8          2          0          0      48556   lv_draw_rect.o
         0          0          0          0          0      14424   lv_dropdown.o
        36          0          0          0          0       8807   lv_font.o
         0          0          0          0          0       7448   lv_font_dejavu_16_persian_hebrew.o
      1440         58          0         12          0       9653   lv_font_fmt_txt.o
         0          0      13315         56          0       2228   lv_font_montserrat_14.o
         0          0      11063         56          0       1002   lv_font_montserratmedium_12.o
         0          0      14101         56          0       1002   lv_font_montserratmedium_15.o
         0          0      27781         56          0       1002   lv_font_montserratmedium_24.o
         0          0          0          0          0      14276   lv_gauge.o
         0          0          0         28        364       5803   lv_gc.o
       880         38          0          0          0      35616   lv_group.o
       664         38          6          4          0      33514   lv_hal_disp.o
       260         26          0          0          0      25011   lv_hal_indev.o
        48          6          0          8          0       1506   lv_hal_tick.o
      3298         54          0          4          0      35162   lv_img.o
      2032         20          0          0          0      15485   lv_img_buf.o
       500         28          0          2          0       7283   lv_img_cache.o
      1608         56          0          0          0      17913   lv_img_decoder.o
      4828         20          0          8          0      20785   lv_indev.o
      1112        102       1284         36          0       6111   lv_keyboard.o
      4864        136          0          4          0      57613   lv_label.o
       916         72          0          4          0      39188   lv_line.o
         0          0          0          0          0       2247   lv_list.o
       636          0          0          0          0       5025   lv_ll.o
        28          4          0          0        292       3733   lv_mainstart.o
       116          4        182          0          0       1549   lv_math.o
      1472         74         81         32      56352       7115   lv_mem.o
     14412        202          2         12          0     117078   lv_obj.o
      5100         90          0          8          0      68682   lv_page.o
       104         18          0          0     153636      35220   lv_port_disp.o
        96         14          0          8          0       2102   lv_port_indev.o
      1700          8          0          0          0       8715   lv_printf.o
         0          0          0          0          0       8628   lv_qrcode.o
      2362         36          2         32          0      46323   lv_refr.o
         0          0          0          0          0       1052   lv_roller.o
      2032         60          0          8          0      36557   lv_slider.o
      2646         16          0          0          0      21779   lv_style.o
      3612         84          0         16          0      52591   lv_tabview.o
       776         28          0         24          0       4640   lv_task.o
      3154        124          0         20          0      46284   lv_textarea.o
       392         48          0          4          0      38726   lv_theme.o
     16248        404         70          8         40      64689   lv_theme_material.o
      1688         32          0         28          0      11315   lv_txt.o
        76          0          0          0          0        884   lv_utils.o
       124          6          0          0          0     298306   main.o
       136          8          0          0          0       1369   misc.o
       556          8          0          0          0       1976   myiic.o
       748         52         10          1          0       2873   ott2001a.o
       416         22         33          0       1208       7888   segger_rtt.o
       916         14         16          0          0       4071   segger_rtt_printf.o
     13006        372          0        396          0      63227   setup_scr_screen.o
       188         18          0          0          0        661   sram.o
        36          8        304          0       2048        776   startup_stm32f10x_hd.o
       232          6          0          0          0       1535   stm32f10x_fsmc.o
       184          0          0          0          0       2558   stm32f10x_gpio.o
        18          0          0          0          0       1146   stm32f10x_it.o
       200         18          0         20          0       3988   stm32f10x_rcc.o
       192         42          0          0          0       2563   stm32f10x_tim.o
       332          6          0          0          0       4193   stm32f10x_usart.o
         0          0          0          0          0         32   sys.o
       244         20          0         20          0       1369   system_stm32f10x.o
       684        190          0          4          0       1752   timer.o
      2864        172        125         56          0       6397   touch.o
       328         18          0          6        200       3571   usart.o

    ----------------------------------------------------------------------
    159660       4756     254028       2716     214416    1990223   Object Totals
         0          0         32          0          0          0   (incl. Generated)
        26          0         54         10          6          0   (incl. Padding)

    ----------------------------------------------------------------------

      Code (inc. data)   RO Data    RW Data    ZI Data      Debug   Library Member Name

        76          0          0          0          0         84   sqrt.o
        86          0          0          0          0          0   __dczerorl2.o
         0          0          0          0          0          0   entry.o
         0          0          0          0          0          0   entry10a.o
         0          0          0          0          0          0   entry11a.o
         8          4          0          0          0          0   entry2.o
         4          0          0          0          0          0   entry5.o
         0          0          0          0          0          0   entry7b.o
         0          0          0          0          0          0   entry8b.o
         8          4          0          0          0          0   entry9a.o
        12          6          0          4          0         68   errno.o
        30          0          0          0          0          0   handlers.o
        36          8          0          0          0         68   init.o
         0          0          0          0          0          0   iusefp.o
        98          0          0          0          0         84   ldiv.o
        30          0          0          0          0         68   llshl.o
        36          0          0          0          0         68   llsshr.o
        32          0          0          0          0         68   llushr.o
        26          0          0          0          0         80   memcmp.o
        64          0          0          0          0         76   memmovea.o
        36          0          0          0          0        108   memseta.o
       736         56          0          0          0        184   printf5.o
        28          0          0          0          0         76   strcmp.o
        18          0          0          0          0         68   strcpy.o
        14          0          0          0          0         68   strlen.o
        98          0          0          0          0         92   uldiv.o
        48          0          0          0          0         68   cdcmple.o
        48          0          0          0          0         68   cdrcmple.o
       334          0          0          0          0        148   dadd.o
       186          0          0          0          0        176   depilogue.o
        50          0          0          0          0         76   dfixui.o
        26          0          0          0          0         76   dfltui.o
       228          0          0          0          0         96   dmul.o
       162          0          0          0          0        100   dsqrt.o
        38          0          0          0          0         68   f2d.o
       176          0          0          0          0        140   fadd.o
       124          0          0          0          0         88   fdiv.o
       110          0          0          0          0        168   fepilogue.o
        50          0          0          0          0         68   ffixi.o
        40          0          0          0          0         68   ffixui.o
        18          0          0          0          0         68   fflti.o
        10          0          0          0          0         68   ffltui.o
       100          0          0          0          0         76   fmul.o
        24          0          0          0          0         68   fscalb.o

    ----------------------------------------------------------------------
      3252         78          0          4          0       2948   Library Totals
         4          0          0          0          0          0   (incl. Padding)

    ----------------------------------------------------------------------

      Code (inc. data)   RO Data    RW Data    ZI Data      Debug   Library Name

        76          0          0          0          0         84   m_ws.l
      1400         78          0          4          0       1176   mc_w.l
      1772          0          0          0          0       1688   mf_w.l

    ----------------------------------------------------------------------
      3252         78          0          4          0       2948   Library Totals

    ----------------------------------------------------------------------

==============================================================================


      Code (inc. data)   RO Data    RW Data    ZI Data      Debug   

    162912       4834     254028       2720     214416    1984771   Grand Totals
    162912       4834     254028        624     214416    1984771   ELF Image Totals (compressed)
    162912       4834     254028        624          0          0   ROM Totals

==============================================================================

    Total RO  Size (Code + RO Data)               416940 ( 407.17kB)
    Total RW  Size (RW Data + ZI Data)            217136 ( 212.05kB)
    Total ROM Size (Code + RO Data + RW Data)     417564 ( 407.78kB)

==============================================================================

