<html>
<body>
<pre>
<h1>µVision Build Log</h1>
<h2>Tool Versions:</h2>
IDE-Version: µVision V5.31.0.0
Copyright (C) 2020 ARM Ltd and ARM Germany GmbH. All rights reserved.
License Information: Liu ROG strix, FUTURE, LIC=ZB4EI-TGZT4-HLVCL-08PWW-V8YHX-WRFUM
 
Tool Versions:
Toolchain:       MDK-ARM Plus  Version: 5.31.0.0
Toolchain Path:  E:\Keil5_MDK\ARM\ARMCC\Bin
C Compiler:      Armcc.exe V5.06 update 6 (build 750)
Assembler:       Armasm.exe V5.06 update 6 (build 750)
Linker/Locator:  ArmLink.exe V5.06 update 6 (build 750)
Library Manager: ArmAr.exe V5.06 update 6 (build 750)
Hex Converter:   FromElf.exe V5.06 update 6 (build 750)
CPU DLL:         SARMCM3.DLL V5.31.0.0
Dialog DLL:      DARMSTM.DLL V1.68.0.0
Target DLL:      Segger\JL2CM3.dll V2.99.38.0
Dialog DLL:      TARMSTM.DLL V1.66.0.0
 
<h2>Project:</h2>
e:\FPGA-Function Generator\F103-LVGL-DDS\USER\template.uvprojx
Project File Date:  02/05/2024

<h2>Output:</h2>
*** Using Compiler 'V5.06 update 6 (build 750)', folder: 'E:\Keil5_MDK\ARM\ARMCC\Bin'
Build target 'F103-LVGL7.8.1'
Clean started - Project: 'template'
   deleting intermediate output files for target 'F103-LVGL7.8.1'
compiling main.c...
compiling stm32f10x_it.c...
compiling system_stm32f10x.c...
compiling led.c...
compiling key.c...
compiling lcd.c...
compiling myiic.c...
compiling 24cxx.c...
compiling spi.c...
compiling w25qxx.c...
compiling touch.c...
compiling ctiic.c...
compiling ott2001a.c...
compiling ft5206.c...
compiling gt9147.c...
compiling timer.c...
compiling sram.c...
compiling delay.c...
compiling sys.c...
compiling usart.c...
compiling core_cm3.c...
assembling startup_stm32f10x_hd.s...
compiling misc.c...
compiling stm32f10x_fsmc.c...
compiling stm32f10x_gpio.c...
compiling stm32f10x_rcc.c...
compiling stm32f10x_spi.c...
compiling stm32f10x_usart.c...
compiling stm32f10x_tim.c...
compiling lv_disp.c...
compiling lv_group.c...
compiling lv_indev.c...
compiling lv_obj.c...
compiling lv_refr.c...
compiling lv_style.c...
compiling lv_draw_arc.c...
compiling lv_draw_blend.c...
compiling lv_draw_img.c...
compiling lv_draw_label.c...
compiling lv_draw_line.c...
compiling lv_draw_mask.c...
compiling lv_draw_rect.c...
compiling lv_draw_triangle.c...
compiling lv_img_buf.c...
compiling lv_img_cache.c...
compiling lv_img_decoder.c...
compiling lv_font.c...
compiling lv_font_dejavu_16_persian_hebrew.c...
compiling lv_font_fmt_txt.c...
compiling lv_font_loader.c...
compiling lv_font_montserrat_8.c...
compiling lv_font_montserrat_10.c...
compiling lv_font_montserrat_12.c...
compiling lv_font_montserrat_12_subpx.c...
compiling lv_font_montserrat_14.c...
compiling lv_font_montserrat_16.c...
compiling lv_font_montserrat_18.c...
compiling lv_font_montserrat_20.c...
compiling lv_font_montserrat_22.c...
compiling lv_font_montserrat_24.c...
compiling lv_font_montserrat_26.c...
compiling lv_font_montserrat_28.c...
compiling lv_font_montserrat_28_compressed.c...
compiling lv_font_montserrat_30.c...
compiling lv_font_montserrat_32.c...
compiling lv_font_montserrat_34.c...
compiling lv_font_montserrat_36.c...
compiling lv_font_montserrat_38.c...
compiling lv_font_montserrat_40.c...
compiling lv_font_montserrat_42.c...
compiling lv_font_montserrat_44.c...
compiling lv_font_montserrat_46.c...
compiling lv_font_montserrat_48.c...
compiling lv_font_simsun_16_cjk.c...
compiling lv_font_unscii_8.c...
compiling lv_font_unscii_16.c...
compiling lv_gpu_stm32_dma2d.c...
compiling lv_hal_disp.c...
compiling lv_hal_indev.c...
compiling lv_hal_tick.c...
compiling lv_anim.c...
compiling lv_area.c...
compiling lv_async.c...
compiling lv_bidi.c...
compiling lv_color.c...
compiling lv_debug.c...
compiling lv_fs.c...
compiling lv_gc.c...
compiling lv_ll.c...
compiling lv_log.c...
compiling lv_math.c...
compiling lv_mem.c...
compiling lv_printf.c...
compiling lv_task.c...
compiling lv_templ.c...
compiling lv_txt.c...
compiling lv_txt_ap.c...
compiling lv_utils.c...
compiling lv_theme.c...
compiling lv_theme_empty.c...
compiling lv_theme_material.c...
compiling lv_theme_mono.c...
compiling lv_theme_template.c...
compiling lv_arc.c...
compiling lv_bar.c...
compiling lv_btn.c...
compiling lv_btnmatrix.c...
compiling lv_calendar.c...
compiling lv_canvas.c...
compiling lv_chart.c...
compiling lv_checkbox.c...
compiling lv_cont.c...
compiling lv_cpicker.c...
compiling lv_dropdown.c...
compiling lv_gauge.c...
compiling lv_img.c...
compiling lv_imgbtn.c...
compiling lv_keyboard.c...
compiling lv_label.c...
compiling lv_led.c...
compiling lv_line.c...
compiling lv_linemeter.c...
compiling lv_list.c...
compiling lv_msgbox.c...
compiling lv_objmask.c...
compiling lv_objx_templ.c...
compiling lv_page.c...
compiling lv_roller.c...
compiling lv_slider.c...
compiling lv_spinbox.c...
compiling lv_spinner.c...
compiling lv_switch.c...
compiling lv_table.c...
compiling lv_tabview.c...
compiling lv_textarea.c...
compiling lv_tileview.c...
compiling lv_win.c...
compiling lv_port_disp.c...
compiling lv_port_indev.c...
..\GUI\lvgl_driver\lv_port_indev.c(118): warning:  #177-D: variable "encoder_diff"  was declared but never referenced
  static int32_t encoder_diff;
..\GUI\lvgl_driver\lv_port_indev.c(119): warning:  #177-D: variable "encoder_state"  was declared but never referenced
  static lv_indev_state_t encoder_state;
..\GUI\lvgl_driver\lv_port_indev.c: 2 warnings, 0 errors
compiling lv_qrcode.c...
compiling qrcodegen.c...
..\GUI_APP\qrcodegen.c(278): warning:  #188-D: enumerated type mixed with another type
        applyMask(tempBuffer, qrcode, mask);
..\GUI_APP\qrcodegen.c(279): warning:  #188-D: enumerated type mixed with another type
        drawFormatBits(ecl, mask, qrcode);
..\GUI_APP\qrcodegen.c: 2 warnings, 0 errors
compiling lv_mainstart.c...
compiling lv_demo_widgets.c...
compiling custom.c...
compiling customUSART.c...
compiling events_init.c...
compiling gui_guider.c...
compiling setup_scr_screen.c...
..\GUI_APP\generated\setup_scr_screen.c(26): warning:  #177-D: function "text_area_event_cb"  was declared but never referenced
  static void text_area_event_cb(lv_obj_t *ta, lv_event_t event)
..\GUI_APP\generated\setup_scr_screen.c: 1 warning, 0 errors
compiling lv_font_montserratMedium_12.c...
compiling lv_font_montserratMedium_15.c...
compiling lv_font_montserratMedium_24.c...
compiling _FG_SIN_alpha_102x119.c...
compiling _FG_SQU_alpha_110x139.c...
compiling _FG_TRI_alpha_108x149.c...
compiling _FG_CUS_alpha_108x149.c...
compiling SEGGER_RTT.c...
compiling SEGGER_RTT_printf.c...
linking...
Program Size: Code=187448 RO-data=254028 RW-data=2724 ZI-data=214412  
"..\OBJ\template.axf" - 0 Error(s), 5 Warning(s).

*** Performing Cross-Module-Optimization:
compiling system_stm32f10x.c...
compiling lcd.c...
compiling 24cxx.c...
compiling spi.c...
compiling w25qxx.c...
compiling touch.c...
compiling ctiic.c...
compiling sram.c...
compiling sys.c...
compiling usart.c...
compiling core_cm3.c...
compiling misc.c...
compiling stm32f10x_fsmc.c...
compiling stm32f10x_gpio.c...
compiling stm32f10x_rcc.c...
compiling stm32f10x_spi.c...
compiling stm32f10x_usart.c...
compiling stm32f10x_tim.c...
compiling lv_disp.c...
compiling lv_group.c...
compiling lv_indev.c...
compiling lv_obj.c...
compiling lv_refr.c...
compiling lv_style.c...
compiling lv_draw_arc.c...
compiling lv_draw_mask.c...
compiling lv_draw_rect.c...
compiling lv_draw_triangle.c...
compiling lv_img_buf.c...
compiling lv_img_decoder.c...
compiling lv_hal_disp.c...
compiling lv_hal_indev.c...
compiling lv_anim.c...
compiling lv_async.c...
compiling lv_color.c...
compiling lv_debug.c...
compiling lv_gc.c...
compiling lv_ll.c...
compiling lv_math.c...
compiling lv_mem.c...
compiling lv_printf.c...
compiling lv_task.c...
compiling lv_utils.c...
compiling lv_theme.c...
compiling lv_theme_empty.c...
compiling lv_theme_mono.c...
compiling lv_theme_template.c...
compiling lv_arc.c...
compiling lv_bar.c...
compiling lv_btn.c...
compiling lv_btnmatrix.c...
compiling lv_calendar.c...
compiling lv_canvas.c...
compiling lv_chart.c...
compiling lv_checkbox.c...
compiling lv_cont.c...
compiling lv_cpicker.c...
compiling lv_dropdown.c...
compiling lv_gauge.c...
compiling lv_img.c...
compiling lv_imgbtn.c...
compiling lv_keyboard.c...
compiling lv_label.c...
compiling lv_led.c...
compiling lv_linemeter.c...
compiling lv_list.c...
compiling lv_msgbox.c...
compiling lv_objmask.c...
compiling lv_page.c...
compiling lv_roller.c...
compiling lv_slider.c...
compiling lv_spinbox.c...
compiling lv_spinner.c...
compiling lv_switch.c...
compiling lv_table.c...
compiling lv_tabview.c...
compiling lv_textarea.c...
compiling lv_tileview.c...
compiling lv_win.c...
compiling lv_qrcode.c...
compiling qrcodegen.c...
..\GUI_APP\qrcodegen.c(278): warning:  #188-D: enumerated type mixed with another type
        applyMask(tempBuffer, qrcode, mask);
..\GUI_APP\qrcodegen.c(279): warning:  #188-D: enumerated type mixed with another type
        drawFormatBits(ecl, mask, qrcode);
..\GUI_APP\qrcodegen.c: 2 warnings, 0 errors
compiling lv_demo_widgets.c...
compiling customUSART.c...
compiling gui_guider.c...
compiling SEGGER_RTT.c...
linking...
Program Size: Code=162912 RO-data=254028 RW-data=2720 ZI-data=214416  
compiling system_stm32f10x.c...
compiling lcd.c...
compiling 24cxx.c...
compiling spi.c...
compiling w25qxx.c...
compiling touch.c...
compiling ctiic.c...
compiling sram.c...
compiling sys.c...
compiling usart.c...
compiling core_cm3.c...
compiling misc.c...
compiling stm32f10x_fsmc.c...
compiling stm32f10x_gpio.c...
compiling stm32f10x_rcc.c...
compiling stm32f10x_spi.c...
compiling stm32f10x_usart.c...
compiling stm32f10x_tim.c...
compiling lv_disp.c...
compiling lv_group.c...
compiling lv_indev.c...
compiling lv_obj.c...
compiling lv_refr.c...
compiling lv_style.c...
compiling lv_draw_arc.c...
compiling lv_draw_mask.c...
compiling lv_draw_rect.c...
compiling lv_draw_triangle.c...
compiling lv_img_buf.c...
compiling lv_img_decoder.c...
compiling lv_hal_disp.c...
compiling lv_hal_indev.c...
compiling lv_anim.c...
compiling lv_async.c...
compiling lv_color.c...
compiling lv_debug.c...
compiling lv_gc.c...
compiling lv_ll.c...
compiling lv_math.c...
compiling lv_mem.c...
compiling lv_printf.c...
compiling lv_task.c...
compiling lv_utils.c...
compiling lv_theme.c...
compiling lv_theme_empty.c...
compiling lv_theme_mono.c...
compiling lv_theme_template.c...
compiling lv_arc.c...
compiling lv_bar.c...
compiling lv_btn.c...
compiling lv_btnmatrix.c...
compiling lv_calendar.c...
compiling lv_canvas.c...
compiling lv_chart.c...
compiling lv_checkbox.c...
compiling lv_cont.c...
compiling lv_cpicker.c...
compiling lv_dropdown.c...
compiling lv_gauge.c...
compiling lv_img.c...
compiling lv_imgbtn.c...
compiling lv_keyboard.c...
compiling lv_label.c...
compiling lv_led.c...
compiling lv_linemeter.c...
compiling lv_list.c...
compiling lv_msgbox.c...
compiling lv_objmask.c...
compiling lv_page.c...
compiling lv_roller.c...
compiling lv_slider.c...
compiling lv_spinbox.c...
compiling lv_spinner.c...
compiling lv_switch.c...
compiling lv_table.c...
compiling lv_tabview.c...
compiling lv_textarea.c...
compiling lv_tileview.c...
compiling lv_win.c...
compiling lv_qrcode.c...
compiling qrcodegen.c...
..\GUI_APP\qrcodegen.c(278): warning:  #188-D: enumerated type mixed with another type
        applyMask(tempBuffer, qrcode, mask);
..\GUI_APP\qrcodegen.c(279): warning:  #188-D: enumerated type mixed with another type
        drawFormatBits(ecl, mask, qrcode);
..\GUI_APP\qrcodegen.c: 2 warnings, 0 errors
compiling lv_demo_widgets.c...
compiling customUSART.c...
compiling gui_guider.c...
compiling SEGGER_RTT.c...
linking...
Program Size: Code=162912 RO-data=254028 RW-data=2720 ZI-data=214416  
FromELF: creating hex file...
"..\OBJ\template.axf" - 0 Error(s), 2 Warning(s).
*** Completed Cross-Module-Optimization after 3 iteration(s).

<h2>Software Packages used:</h2>

Package Vendor: Keil
                http://www.keil.com/pack/Keil.STM32F1xx_DFP.1.0.5.pack
                Keil.STM32F1xx_DFP.1.0.5
                STMicroelectronics STM32F1 Series Device Support, Drivers and Examples

<h2>Collection of Component include folders:</h2>
  E:\Keil5_MDK\Keil\STM32F1xx_DFP\1.0.5\Device\Include

<h2>Collection of Component Files used:</h2>
Build Time Elapsed:  00:02:06
</pre>
</body>
</html>
